Archive member included to satisfy reference by file (symbol)

app/libapp.a(main.c.obj)      (--whole-archive)
app/libapp.a(wrapper.c.obj)   (--whole-archive)
zephyr/libzephyr.a(validate_libc.c.obj)
                              (--whole-archive)
zephyr/libzephyr.a(heap.c.obj)
                              (--whole-archive)
zephyr/libzephyr.a(cbprintf_packaged.c.obj)
                              (--whole-archive)
zephyr/libzephyr.a(clock.c.obj)
                              (--whole-archive)
zephyr/libzephyr.a(printk.c.obj)
                              (--whole-archive)
zephyr/libzephyr.a(sem.c.obj)
                              (--whole-archive)
zephyr/libzephyr.a(thread_entry.c.obj)
                              (--whole-archive)
zephyr/libzephyr.a(cbprintf_complete.c.obj)
                              (--whole-archive)
zephyr/libzephyr.a(assert.c.obj)
                              (--whole-archive)
zephyr/libzephyr.a(mpsc_pbuf.c.obj)
                              (--whole-archive)
zephyr/libzephyr.a(dec.c.obj)
                              (--whole-archive)
zephyr/libzephyr.a(hex.c.obj)
                              (--whole-archive)
zephyr/libzephyr.a(rb.c.obj)  (--whole-archive)
zephyr/libzephyr.a(timeutil.c.obj)
                              (--whole-archive)
zephyr/libzephyr.a(bitarray.c.obj)
                              (--whole-archive)
zephyr/libzephyr.a(bitmask.c.obj)
                              (--whole-archive)
zephyr/libzephyr.a(getopt.c.obj)
                              (--whole-archive)
zephyr/libzephyr.a(getopt_common.c.obj)
                              (--whole-archive)
zephyr/libzephyr.a(ring_buffer.c.obj)
                              (--whole-archive)
zephyr/libzephyr.a(last_section_id.c.obj)
                              (--whole-archive)
zephyr/libzephyr.a(configs.c.obj)
                              (--whole-archive)
zephyr/libzephyr.a(soc_irq.S.obj)
                              (--whole-archive)
zephyr/libzephyr.a(soc_common_irq.c.obj)
                              (--whole-archive)
zephyr/libzephyr.a(vector.S.obj)
                              (--whole-archive)
zephyr/libzephyr.a(soc.c.obj)
                              (--whole-archive)
zephyr/libzephyr.a(log_core.c.obj)
                              (--whole-archive)
zephyr/libzephyr.a(log_mgmt.c.obj)
                              (--whole-archive)
zephyr/libzephyr.a(log_cache.c.obj)
                              (--whole-archive)
zephyr/libzephyr.a(log_msg.c.obj)
                              (--whole-archive)
zephyr/libzephyr.a(log_output.c.obj)
                              (--whole-archive)
zephyr/libzephyr.a(log_backend_uart.c.obj)
                              (--whole-archive)
zephyr/libzephyr.a(tracing_none.c.obj)
                              (--whole-archive)
zephyr/arch/common/libarch__common.a(sw_isr_common.c.obj)
                              (--whole-archive)
zephyr/arch/common/libarch__common.a(init.c.obj)
                              (--whole-archive)
zephyr/arch/common/libarch__common.a(multilevel_irq.c.obj)
                              (--whole-archive)
zephyr/arch/arch/riscv/core/libarch__riscv__core.a(cpu_idle.c.obj)
                              (--whole-archive)
zephyr/arch/arch/riscv/core/libarch__riscv__core.a(fatal.c.obj)
                              (--whole-archive)
zephyr/arch/arch/riscv/core/libarch__riscv__core.a(irq_manage.c.obj)
                              (--whole-archive)
zephyr/arch/arch/riscv/core/libarch__riscv__core.a(prep_c.c.obj)
                              (--whole-archive)
zephyr/arch/arch/riscv/core/libarch__riscv__core.a(reboot.c.obj)
                              (--whole-archive)
zephyr/arch/arch/riscv/core/libarch__riscv__core.a(reset.S.obj)
                              (--whole-archive)
zephyr/arch/arch/riscv/core/libarch__riscv__core.a(switch.S.obj)
                              (--whole-archive)
zephyr/arch/arch/riscv/core/libarch__riscv__core.a(thread.c.obj)
                              (--whole-archive)
zephyr/arch/arch/riscv/core/libarch__riscv__core.a(isr.S.obj)
                              (--whole-archive)
zephyr/arch/arch/riscv/core/libarch__riscv__core.a(pmp.c.obj)
                              (--whole-archive)
zephyr/arch/arch/riscv/core/libarch__riscv__core.a(pmp.S.obj)
                              (--whole-archive)
zephyr/arch/arch/riscv/core/libarch__riscv__core.a(tls.c.obj)
                              (--whole-archive)
zephyr/arch/arch/riscv/core/libarch__riscv__core.a(stacktrace.c.obj)
                              (--whole-archive)
zephyr/lib/libc/picolibc/liblib__libc__picolibc.a(assert.c.obj)
                              (--whole-archive)
zephyr/lib/libc/picolibc/liblib__libc__picolibc.a(cbprintf.c.obj)
                              (--whole-archive)
zephyr/lib/libc/picolibc/liblib__libc__picolibc.a(chk_fail.c.obj)
                              (--whole-archive)
zephyr/lib/libc/picolibc/liblib__libc__picolibc.a(errno_wrap.c.obj)
[...]
Memory Configuration

Name             Origin             Length             Attributes
RAM              0x0000000080000000 0x0000000010000000 xrw
IDT_LIST         0x00000000fffff000 0x0000000000001000 xw
*default*        0x0000000000000000 0xffffffffffffffff

Linker script and memory map

                0x000000008000761e                vfprintf = __l_vfprintf
                0x0000000000000000                vfscanf = __l_vfscanf
LOAD zephyr/CMakeFiles/zephyr_pre0.dir/misc/empty_file.c.obj
LOAD zephyr/CMakeFiles/offsets.dir/./arch/riscv/core/offsets/offsets.c.obj
LOAD app/libapp.a
LOAD zephyr/libzephyr.a
LOAD zephyr/arch/common/libarch__common.a
LOAD zephyr/arch/arch/riscv/core/libarch__riscv__core.a
LOAD zephyr/lib/libc/picolibc/liblib__libc__picolibc.a
LOAD zephyr/lib/libc/common/liblib__libc__common.a
LOAD zephyr/lib/posix/c_lib_ext/liblib__posix__c_lib_ext.a
LOAD zephyr/drivers/interrupt_controller/libdrivers__interrupt_controller.a
LOAD zephyr/drivers/console/libdrivers__console.a
LOAD zephyr/drivers/serial/libdrivers__serial.a
LOAD zephyr/drivers/timer/libdrivers__timer.a
LOAD zephyr/kernel/libkernel.a
LOAD /home/shijo/zephyr-sdk-0.17.4/riscv64-zephyr-elf/bin/../lib/gcc/riscv64-zephyr-elf/12.2.0/rv32imac_zicsr_zifencei/ilp32/libgcc.a
LOAD rust/target/riscv32i-unknown-none-elf/release/librustapp.a
LOAD zephyr/arch/common/libisr_tables.a
LOAD /home/shijo/zephyr-sdk-0.17.4/riscv64-zephyr-elf/bin/../lib/gcc/../../picolibc/riscv64-zephyr-elf/lib/rv32imac_zicsr_zifencei/ilp32/libc.a
LOAD /home/shijo/zephyr-sdk-0.17.4/riscv64-zephyr-elf/bin/../lib/gcc/riscv64-zephyr-elf/12.2.0/rv32imac_zicsr_zifencei/ilp32/libgcc.a

.rel.plt        0x0000000000000000        0x0
 *(SORT_BY_ALIGNMENT(.rel.plt))
                [!provide]                        PROVIDE (__rel_iplt_start = .)
 *(SORT_BY_ALIGNMENT(.rel.iplt))
                [!provide]                        PROVIDE (__rel_iplt_end = .)

.rela.plt       0x0000000000000000        0x0
 *(SORT_BY_ALIGNMENT(.rela.plt))
                [!provide]                        PROVIDE (__rela_iplt_start = .)
 *(SORT_BY_ALIGNMENT(.rela.iplt))
                [!provide]                        PROVIDE (__rela_iplt_end = .)

.rel.dyn
 *(SORT_BY_ALIGNMENT(.rel.*))

.rela.dyn       0x0000000080000000        0x0
 *(SORT_BY_ALIGNMENT(.rela.*))
 .rela.text.cbvprintf_package
                0x0000000080000000        0x0 app/libapp.a(main.c.obj)
 .rela.text.cbprintf_package_convert
                0x0000000080000000        0x0 app/libapp.a(main.c.obj)
 .rela.sdata._char_out
                0x0000000080000000        0x0 app/libapp.a(main.c.obj)
 .rela.vectors.__start
                0x0000000080000000        0x0 app/libapp.a(main.c.obj)
 .rela.text.activate_foreach_backend
                0x0000000080000000        0x0 app/libapp.a(main.c.obj)
 .rela.text.z_log_init
                0x0000000080000000        0x0 app/libapp.a(main.c.obj)
 .rela.text.dropped_notify
                0x0000000080000000        0x0 app/libapp.a(main.c.obj)
 .rela.text.log_core_init
                0x0000000080000000        0x0 app/libapp.a(main.c.obj)
 .rela.text.z_impl_log_process
                0x0000000080000000        0x0 app/libapp.a(main.c.obj)
 .rela.text.z_impl_log_panic
                0x0000000080000000        0x0 app/libapp.a(main.c.obj)
 .rela.text.log_process_thread_func
                0x0000000080000000        0x0 app/libapp.a(main.c.obj)
 .rela.text.log_source_name_get
                0x0000000080000000        0x0 app/libapp.a(main.c.obj)
 .rela.text.log_msg_get_source_id
                0x0000000080000000        0x0 app/libapp.a(main.c.obj)
 .rela.text.arch_bss_zero
                0x0000000080000000        0x0 app/libapp.a(main.c.obj)
 .rela.exception.entry._isr_wrapper
                0x0000000080000000        0x0 app/libapp.a(main.c.obj)
 .rela.text.z_riscv_pmp_init
                0x0000000080000000        0x0 app/libapp.a(main.c.obj)
 .rela.text.arch_tls_stack_setup
                0x0000000080000000        0x0 app/libapp.a(main.c.obj)
 .rela.text.walk_stackframe
                0x0000000080000000        0x0 app/libapp.a(main.c.obj)
 .rela.text.malloc_prepare
                0x0000000080000000        0x0 app/libapp.a(main.c.obj)
 .rela.text.bg_thread_main
                0x0000000080000000        0x0 app/libapp.a(main.c.obj)
 .rela.rodata.levels.0
                0x0000000080000000        0x0 app/libapp.a(main.c.obj)
 .rela.text.statics_init
                0x0000000080000000        0x0 app/libapp.a(main.c.obj)

.plt
 *(SORT_BY_ALIGNMENT(.plt))

.iplt
 *(SORT_BY_ALIGNMENT(.iplt))
                0x0000000080000000                __rom_region_start = 0x80000000

rom_start       0x0000000080000000       0x18
                0x0000000080000000                . = ALIGN (0x10)
                0x0000000080000000                __rom_start_address = .
 FILL mask 0x00
                0x0000000080000000                . = (. + (0x0 - (. - __rom_start_address)))
                0x0000000080000000                . = ALIGN (0x4)
 *(SORT_BY_ALIGNMENT(.vectors.*))
 .vectors.__start
                0x0000000080000000       0x18 zephyr/libzephyr.a(vector.S.obj)
                0x0000000080000000                __start

reset           0x0000000080000018        0x4
 *(SORT_BY_ALIGNMENT(.reset.*))
 .reset.__reset
                0x0000000080000018        0x4 zephyr/arch/arch/riscv/core/libarch__riscv__core.a(reset.S.obj)
                0x0000000080000018                __reset

exceptions      0x000000008000001c      0x172
 *(SORT_BY_ALIGNMENT(.exception.entry.*))
 .exception.entry._isr_wrapper
                0x000000008000001c      0x162 zephyr/arch/arch/riscv/core/libarch__riscv__core.a(isr.S.obj)
                0x000000008000001c                _isr_wrapper
                0x0000000080000144                z_riscv_thread_start
 *(SORT_BY_ALIGNMENT(.exception.other.*))
 *fill*         0x000000008000017e        0x2 
 .exception.other.__soc_handle_irq
                0x0000000080000180        0xe zephyr/libzephyr.a(soc_irq.S.obj)
                0x0000000080000180                __soc_handle_irq

text            0x0000000080000190     0x79a2
                0x0000000080000190                . = ALIGN (0x4)
 *(SORT_BY_ALIGNMENT(.openocd_debug))
 *(SORT_BY_ALIGNMENT(.openocd_debug.*))
                0x0000000080000190                __text_region_start = .
 *(SORT_BY_ALIGNMENT(.text))
 .text          0x0000000080000190       0x3c /home/shijo/zephyr-sdk-0.17.4/riscv64-zephyr-elf/bin/../lib/gcc/riscv64-zephyr-elf/12.2.0/rv32imac_zicsr_zifencei/ilp32/libgcc.a(_clzsi2.o)
                0x0000000080000190                __clzsi2
 .text          0x00000000800001cc       0x3c /home/shijo/zephyr-sdk-0.17.4/riscv64-zephyr-elf/bin/../lib/gcc/riscv64-zephyr-elf/12.2.0/rv32imac_zicsr_zifencei/ilp32/libgcc.a(_ctzsi2.o)
                0x00000000800001cc                __ctzsi2
 .text          0x0000000080000208      0x35e /home/shijo/zephyr-sdk-0.17.4/riscv64-zephyr-elf/bin/../lib/gcc/riscv64-zephyr-elf/12.2.0/rv32imac_zicsr_zifencei/ilp32/libgcc.a(_udivdi3.o)
                0x0000000080000208                __udivdi3
 *(SORT_BY_ALIGNMENT(.text.*))
 *fill*         0x0000000080000566        0x2 
 .text.__initialize
                0x0000000080000568       0x2a zephyr/arch/arch/riscv/core/libarch__riscv__core.a(reset.S.obj)
                0x0000000080000568                __initialize
 *fill*         0x0000000080000592        0x2 
 .text.z_riscv_switch
                0x0000000080000594       0x72 zephyr/arch/arch/riscv/core/libarch__riscv__core.a(switch.S.obj)
                0x0000000080000594                z_riscv_switch
 *fill*         0x0000000080000606        0x2 
 .text.z_riscv_write_pmp_entries
                0x0000000080000608      0x18a zephyr/arch/arch/riscv/core/libarch__riscv__core.a(pmp.S.obj)
                0x0000000080000608                z_riscv_write_pmp_entries
                0x000000008000077e                z_riscv_clear_all_pmp_entries
 *fill*         0x0000000080000792        0x2 
 .text.rust_main
                0x0000000080000794       0xcc rust/target/riscv32i-unknown-none-elf/release/librustapp.a(rustapp-fb3f856bfe5a916b.rustapp.934972bb6c09299f-cgu.0.rcgu.o)
                0x0000000080000794                rust_main
 .text._ZN4core3fmt5Write10write_char17hdae430001552c7ecE.llvm.13722024775131496092
                0x0000000080000860      0x1b8 rust/target/riscv32i-unknown-none-elf/release/librustapp.a(zephyr-2897dd22c4de4b73.zephyr.f57b24293f26ca88-cgu.0.rcgu.o)
                0x0000000080000860                _ZN4core3fmt5Write10write_char17hdae430001552c7ecE.llvm.13722024775131496092
 .text._ZN4core3fmt5Write9write_fmt17h6d7d41ffc2bed2a5E.llvm.13722024775131496092
                0x0000000080000a18       0x14 rust/target/riscv32i-unknown-none-elf/release/librustapp.a(zephyr-2897dd22c4de4b73.zephyr.f57b24293f26ca88-cgu.0.rcgu.o)
                0x0000000080000a18                _ZN4core3fmt5Write9write_fmt17h6d7d41ffc2bed2a5E.llvm.13722024775131496092
 .text._ZN53_$LT$core..fmt..Error$u20$as$u20$core..fmt..Debug$GT$3fmt17h41f19ddc356be839E.llvm.13722024775131496092
                0x0000000080000a2c       0x1c rust/target/riscv32i-unknown-none-elf/release/librustapp.a(zephyr-2897dd22c4de4b73.zephyr.f57b24293f26ca88-cgu.0.rcgu.o)
                0x0000000080000a2c                _ZN53_$LT$core..fmt..Error$u20$as$u20$core..fmt..Debug$GT$3fmt17h41f19ddc356be839E.llvm.13722024775131496092
 .text._ZN60_$LT$zephyr..printk..Context$u20$as$u20$core..fmt..Write$GT$9write_str17hc5e467f3601c2c64E
                0x0000000080000a48      0x134 rust/target/riscv32i-unknown-none-elf/release/librustapp.a(zephyr-2897dd22c4de4b73.zephyr.f57b24293f26ca88-cgu.0.rcgu.o)
                0x0000000080000a48                <zephyr::printk::Context as core::fmt::Write>::write_str
 .text._ZN6zephyr6printk8printkln17hdc2f78af9dc4e215E
                0x0000000080000b7c       0xdc rust/target/riscv32i-unknown-none-elf/release/librustapp.a(zephyr-2897dd22c4de4b73.zephyr.f57b24293f26ca88-cgu.0.rcgu.o)
                0x0000000080000b7c                zephyr::printk::printkln
 .text._ZN44_$LT$$RF$T$u20$as$u20$core..fmt..Display$GT$3fmt17h6a772a4192f1d7caE
                0x0000000080000c58        0xc rust/target/riscv32i-unknown-none-elf/release/librustapp.a(zephyr-2897dd22c4de4b73.zephyr.f57b24293f26ca88-cgu.1.rcgu.o)
                0x0000000080000c58                <&T as core::fmt::Display>::fmt
 .text._ZN6zephyr3cbs3cbs10cbs_thread7startup17h2a2cf98f284f1170E
                0x0000000080000c64      0x1ac rust/target/riscv32i-unknown-none-elf/release/librustapp.a(zephyr-2897dd22c4de4b73.zephyr.f57b24293f26ca88-cgu.1.rcgu.o)
 .text._ZN6zephyr3cbs3cbs3cbs3new17h70241eead113e3b9E
                0x0000000080000e10      0x104 rust/target/riscv32i-unknown-none-elf/release/librustapp.a(zephyr-2897dd22c4de4b73.zephyr.f57b24293f26ca88-cgu.1.rcgu.o)
                0x0000000080000e10                zephyr::cbs::cbs::cbs::new
 .text._ZN6zephyr3cbs3cbs3cbs5start17h788cdd4696500da3E
                0x0000000080000f14      0x3c0 rust/target/riscv32i-unknown-none-elf/release/librustapp.a(zephyr-2897dd22c4de4b73.zephyr.f57b24293f26ca88-cgu.1.rcgu.o)
                0x0000000080000f14                zephyr::cbs::cbs::cbs::start
 .text._RNvCsiGVaDesi5rv_7___rustc17rust_begin_unwind
                0x00000000800012d4       0x58 rust/target/riscv32i-unknown-none-elf/release/librustapp.a(zephyr-2897dd22c4de4b73.zephyr.f57b24293f26ca88-cgu.2.rcgu.o)
                0x00000000800012d4                __rustc::rust_begin_unwind
 .text._ZN123_$LT$zephyr..time..Timeout$u20$as$u20$core..convert..From$LT$fugit..duration..Duration$LT$u64$C$1_u32$C$100_u32$GT$$GT$$GT$4from17h600dae181133999eE
                0x000000008000132c       0x24 rust/target/riscv32i-unknown-none-elf/release/librustapp.a(zephyr-2897dd22c4de4b73.zephyr.f57b24293f26ca88-cgu.2.rcgu.o)
                0x000000008000132c                <zephyr::time::Timeout as core::convert::From<fugit::duration::Duration<u64,1_u32,100_u32>>>::from
 .text.unlikely._RNvCsiGVaDesi5rv_7___rustc25___rdl_alloc_error_handler
                0x0000000080001350       0xc8 rust/target/riscv32i-unknown-none-elf/release/librustapp.a(alloc-a7964e216bed0f89.alloc.58ee24c99a58b4ad-cgu.0.rcgu.o)
                0x0000000080001350                __rustc::__rdl_alloc_error_handler
 .text.unlikely._ZN5alloc5alloc18handle_alloc_error17hf16b4dd2d539c29aE
                0x0000000080001418       0x24 rust/target/riscv32i-unknown-none-elf/release/librustapp.a(alloc-a7964e216bed0f89.alloc.58ee24c99a58b4ad-cgu.0.rcgu.o)
                0x0000000080001418                alloc::alloc::handle_alloc_error
 .text.unlikely._ZN5alloc7raw_vec12handle_error17he3048b21687d661dE
                0x000000008000143c       0x24 rust/target/riscv32i-unknown-none-elf/release/librustapp.a(alloc-a7964e216bed0f89.alloc.58ee24c99a58b4ad-cgu.0.rcgu.o)
                0x000000008000143c                alloc::raw_vec::handle_error
 .text.unlikely._ZN5alloc7raw_vec17capacity_overflow17h0bb3d8149d872f53E
                0x0000000080001460       0x48 rust/target/riscv32i-unknown-none-elf/release/librustapp.a(alloc-a7964e216bed0f89.alloc.58ee24c99a58b4ad-cgu.0.rcgu.o)
 .text._ZN42_$LT$$RF$T$u20$as$u20$core..fmt..Debug$GT$3fmt17hf876eab59298f774E
                0x00000000800014a8       0x10 rust/target/riscv32i-unknown-none-elf/release/librustapp.a(core-233d85785f75e90f.core.ee929a4352875b72-cgu.0.rcgu.o)
 .text._ZN44_$LT$$RF$T$u20$as$u20$core..fmt..Display$GT$3fmt17hab1883247c8e92dfE
                0x00000000800014b8       0x18 rust/target/riscv32i-unknown-none-elf/release/librustapp.a(core-233d85785f75e90f.core.ee929a4352875b72-cgu.0.rcgu.o)
 .text._ZN4core3fmt3num3imp52_$LT$impl$u20$core..fmt..Display$u20$for$u20$u32$GT$3fmt17h9c20cfb2690b2405E
                0x00000000800014d0      0x20c rust/target/riscv32i-unknown-none-elf/release/librustapp.a(core-233d85785f75e90f.core.ee929a4352875b72-cgu.0.rcgu.o)
                0x00000000800014d0                core::fmt::num::imp::<impl core::fmt::Display for usize>::fmt
                0x00000000800014d0                core::fmt::num::imp::<impl core::fmt::Display for u32>::fmt
 .text._ZN4core3fmt5write17h513a1fb34845b409E
                0x00000000800016dc      0x23c rust/target/riscv32i-unknown-none-elf/release/librustapp.a(core-233d85785f75e90f.core.ee929a4352875b72-cgu.0.rcgu.o)
                0x00000000800016dc                core::fmt::write
 .text._ZN4core3fmt9Formatter12pad_integral12write_prefix17he457374a01e773d4E
                0x0000000080001918       0xac rust/target/riscv32i-unknown-none-elf/release/librustapp.a(core-233d85785f75e90f.core.ee929a4352875b72-cgu.0.rcgu.o)
 .text._ZN4core3fmt9Formatter12pad_integral17h8dc0c5cd0412a85bE
                0x00000000800019c4      0x36c rust/target/riscv32i-unknown-none-elf/release/librustapp.a(core-233d85785f75e90f.core.ee929a4352875b72-cgu.0.rcgu.o)
                0x00000000800019c4                core::fmt::Formatter::pad_integral
 .text._ZN4core3fmt9Formatter3pad17h3b79747a9ff2fd6bE
                0x0000000080001d30      0x298 rust/target/riscv32i-unknown-none-elf/release/librustapp.a(core-233d85785f75e90f.core.ee929a4352875b72-cgu.0.rcgu.o)
                0x0000000080001d30                core::fmt::Formatter::pad
 .text._ZN4core3fmt9Formatter9write_str17h5f39862d8bfcec36E
                0x0000000080001fc8       0x10 rust/target/riscv32i-unknown-none-elf/release/librustapp.a(core-233d85785f75e90f.core.ee929a4352875b72-cgu.0.rcgu.o)
                0x0000000080001fc8                core::fmt::Formatter::write_str
                0x0000000080001fc8                <core::fmt::Formatter as core::fmt::Write>::write_str
 .text._ZN4core3str5count14do_count_chars17h457b954e1a85a5d0E
                0x0000000080001fd8      0x1f8 rust/target/riscv32i-unknown-none-elf/release/librustapp.a(core-233d85785f75e90f.core.ee929a4352875b72-cgu.0.rcgu.o)
                0x0000000080001fd8                core::str::count::do_count_chars
 .text.unlikely._ZN4core6result13unwrap_failed17h4404c95d466a3acfE
                0x00000000800021d0       0x7c rust/target/riscv32i-unknown-none-elf/release/librustapp.a(core-233d85785f75e90f.core.ee929a4352875b72-cgu.0.rcgu.o)
                0x00000000800021d0                core::result::unwrap_failed
 .text.unlikely._ZN4core9panicking18panic_bounds_check17hb27809b578584568E
                0x000000008000224c       0x6c rust/target/riscv32i-unknown-none-elf/release/librustapp.a(core-233d85785f75e90f.core.ee929a4352875b72-cgu.0.rcgu.o)
                0x000000008000224c                core::panicking::panic_bounds_check
 .text.unlikely._ZN4core9panicking18panic_nounwind_fmt17ha3674160f04ae712E
                0x00000000800022b8       0x60 rust/target/riscv32i-unknown-none-elf/release/librustapp.a(core-233d85785f75e90f.core.ee929a4352875b72-cgu.0.rcgu.o)
                0x00000000800022b8                core::panicking::panic_nounwind_fmt
 .text.unlikely._ZN4core9panicking5panic17h58e1f572794feee5E
                0x0000000080002318       0x48 rust/target/riscv32i-unknown-none-elf/release/librustapp.a(core-233d85785f75e90f.core.ee929a4352875b72-cgu.0.rcgu.o)
                0x0000000080002318                core::panicking::panic
 .text.unlikely._ZN4core9panicking9panic_fmt17ha9d2227866d93121E
                0x0000000080002360       0x2c rust/target/riscv32i-unknown-none-elf/release/librustapp.a(core-233d85785f75e90f.core.ee929a4352875b72-cgu.0.rcgu.o)
                0x0000000080002360                core::panicking::panic_fmt
 .text._ZN73_$LT$core..panic..panic_info..PanicInfo$u20$as$u20$core..fmt..Display$GT$3fmt17ha0c74328cb082670E
                0x000000008000238c      0x160 rust/target/riscv32i-unknown-none-elf/release/librustapp.a(core-233d85785f75e90f.core.ee929a4352875b72-cgu.0.rcgu.o)
                0x000000008000238c                <core::panic::panic_info::PanicInfo as core::fmt::Display>::fmt
 .text.strlen   0x00000000800024ec       0x28 rust/target/riscv32i-unknown-none-elf/release/librustapp.a(compiler_builtins-d37f4bd57c36ac43.compiler_builtins.8bb4f1a243545181-cgu.130.rcgu.o)
                0x00000000800024ec                strlen
 .text.__udivsi3
                0x0000000080002514        0x8 rust/target/riscv32i-unknown-none-elf/release/librustapp.a(compiler_builtins-d37f4bd57c36ac43.compiler_builtins.8bb4f1a243545181-cgu.155.rcgu.o)
                0x0000000080002514                __udivsi3
 .text.memcpy   0x000000008000251c        0x8 rust/target/riscv32i-unknown-none-elf/release/librustapp.a(compiler_builtins-d37f4bd57c36ac43.compiler_builtins.8bb4f1a243545181-cgu.253.rcgu.o)
                0x000000008000251c                memcpy
 .text.memset   0x0000000080002524       0x98 rust/target/riscv32i-unknown-none-elf/release/librustapp.a(compiler_builtins-d37f4bd57c36ac43.compiler_builtins.8bb4f1a243545181-cgu.295.rcgu.o)
                0x0000000080002524                memset
 .text._RNvCsiGVaDesi5rv_7___rustc26___rust_alloc_error_handler
                0x00000000800025bc        0x8 rust/target/riscv32i-unknown-none-elf/release/librustapp.a(rustapp-fb3f856bfe5a916b.6r2gttde35dtnplqn4i9n07u2.rcgu.o)
                0x00000000800025bc                __rustc::__rust_alloc_error_handler
 .text._RNvCsiGVaDesi5rv_7___rustc42___rust_alloc_error_handler_should_panic_v2
                0x00000000800025c4        0x8 rust/target/riscv32i-unknown-none-elf/release/librustapp.a(rustapp-fb3f856bfe5a916b.6r2gttde35dtnplqn4i9n07u2.rcgu.o)
                0x00000000800025c4                __rustc::__rust_alloc_error_handler_should_panic_v2
 .text._RNvCsiGVaDesi5rv_7___rustc35___rust_no_alloc_shim_is_unstable_v2
                0x00000000800025cc        0x4 rust/target/riscv32i-unknown-none-elf/release/librustapp.a(rustapp-fb3f856bfe5a916b.6r2gttde35dtnplqn4i9n07u2.rcgu.o)
                0x00000000800025cc                __rustc::__rust_no_alloc_shim_is_unstable_v2
 .text._ZN17compiler_builtins3mem6memcpy17h0f0d82041c2307c4E
                0x00000000800025d0      0x208 rust/target/riscv32i-unknown-none-elf/release/librustapp.a(compiler_builtins-d37f4bd57c36ac43.compiler_builtins.8bb4f1a243545181-cgu.012.rcgu.o)
                0x00000000800025d0                compiler_builtins::mem::memcpy
 .text._ZN17compiler_builtins3int19specialized_div_rem11u32_div_rem17h48d4b35976bdaeb4E.llvm.6325690222396267170
                0x00000000800027d8      0x140 rust/target/riscv32i-unknown-none-elf/release/librustapp.a(compiler_builtins-d37f4bd57c36ac43.compiler_builtins.8bb4f1a243545181-cgu.053.rcgu.o)
                0x00000000800027d8                _ZN17compiler_builtins3int19specialized_div_rem11u32_div_rem17h48d4b35976bdaeb4E.llvm.6325690222396267170
 .text._OffsetAbsSyms
                0x0000000080002918        0x2 zephyr/CMakeFiles/offsets.dir/./arch/riscv/core/offsets/offsets.c.obj
                0x0000000080002918                _OffsetAbsSyms
 .text.main     0x000000008000291a       0x10 app/libapp.a(main.c.obj)
                0x000000008000291a                main
 .text.rust_panic_wrap
                0x000000008000292a        0xa app/libapp.a(main.c.obj)
                0x000000008000292a                rust_panic_wrap
 .text.k_thread_create__extern
                0x0000000080002934       0x10 app/libapp.a(wrapper.c.obj)
                0x0000000080002934                k_thread_create__extern
 .text.k_thread_join__extern
                0x0000000080002944        0x4 app/libapp.a(wrapper.c.obj)
                0x0000000080002944                k_thread_join__extern
 .text.k_sleep__extern
                0x0000000080002948        0x4 app/libapp.a(wrapper.c.obj)
                0x0000000080002948                k_sleep__extern
 .text.k_wakeup__extern
                0x000000008000294c        0x4 app/libapp.a(wrapper.c.obj)
                0x000000008000294c                k_wakeup__extern
 .text.k_thread_priority_set__extern
                0x0000000080002950        0x4 app/libapp.a(wrapper.c.obj)
                0x0000000080002950                k_thread_priority_set__extern
 .text.k_thread_name_set__extern
                0x0000000080002954        0x4 app/libapp.a(wrapper.c.obj)
                0x0000000080002954                k_thread_name_set__extern
 .text.k_str_out__extern
                0x0000000080002958        0x4 app/libapp.a(wrapper.c.obj)
                0x0000000080002958                k_str_out__extern
 .text.zr_irq_lock__extern
                0x000000008000295c        0x6 app/libapp.a(wrapper.c.obj)
                0x000000008000295c                zr_irq_lock__extern
 .text.zr_irq_unlock__extern
                0x0000000080002962        0x8 app/libapp.a(wrapper.c.obj)
                0x0000000080002962                zr_irq_unlock__extern
 .text.chunk_field
                0x000000008000296a       0x1e zephyr/libzephyr.a(heap.c.obj)
 .text.chunk_set
                0x0000000080002988       0x1e zephyr/libzephyr.a(heap.c.obj)
 .text.chunk_size
                0x00000000800029a6       0x10 zephyr/libzephyr.a(heap.c.obj)
 .text.set_chunk_used
                0x00000000800029b6       0x30 zephyr/libzephyr.a(heap.c.obj)
 .text.set_chunk_size
                0x00000000800029e6        0x8 zephyr/libzephyr.a(heap.c.obj)
 .text.mem_to_chunkid
                0x00000000800029ee       0x18 zephyr/libzephyr.a(heap.c.obj)
 .text.bucket_idx
                0x0000000080002a06       0x2c zephyr/libzephyr.a(heap.c.obj)
 .text.free_list_remove_bidx
                0x0000000080002a32       0x7e zephyr/libzephyr.a(heap.c.obj)
 .text.alloc_chunk
                0x0000000080002ab0       0x8e zephyr/libzephyr.a(heap.c.obj)
 .text.split_chunks
                0x0000000080002b3e       0x58 zephyr/libzephyr.a(heap.c.obj)
 .text.free_list_add
                0x0000000080002b96       0xa2 zephyr/libzephyr.a(heap.c.obj)
 .text.sys_heap_alloc
                0x0000000080002c38       0x86 zephyr/libzephyr.a(heap.c.obj)
                0x0000000080002c38                sys_heap_alloc
 .text.sys_heap_aligned_alloc
                0x0000000080002cbe      0x12c zephyr/libzephyr.a(heap.c.obj)
                0x0000000080002cbe                sys_heap_aligned_alloc
 .text.sys_heap_init
                0x0000000080002dea       0xb8 zephyr/libzephyr.a(heap.c.obj)
                0x0000000080002dea                sys_heap_init
 .text.cbvprintf_package
                0x0000000080002ea2      0x428 zephyr/libzephyr.a(cbprintf_packaged.c.obj)
                0x0000000080002ea2                cbvprintf_package
 .text.cbpprintf_external
                0x00000000800032ca       0x9a zephyr/libzephyr.a(cbprintf_packaged.c.obj)
                0x00000000800032ca                cbpprintf_external
 .text.is_ptr   0x0000000080003364       0x5e zephyr/libzephyr.a(cbprintf_packaged.c.obj)
                0x0000000080003364                is_ptr
 .text.cbprintf_package_convert
                0x00000000800033c2      0x482 zephyr/libzephyr.a(cbprintf_packaged.c.obj)
                0x00000000800033c2                cbprintf_package_convert
 .text.arch_printk_char_out
                0x0000000080003844        0x4 zephyr/libzephyr.a(printk.c.obj)
                0x0000000080003844                arch_printk_char_out
 .text.__printk_hook_install
                0x0000000080003848        0xa zephyr/libzephyr.a(printk.c.obj)
                0x0000000080003848                __printk_hook_install
 .text.z_impl_k_str_out
                0x0000000080003852       0x32 zephyr/libzephyr.a(printk.c.obj)
                0x0000000080003852                z_impl_k_str_out
 .text.printk   0x0000000080003884       0x20 zephyr/libzephyr.a(printk.c.obj)
                0x0000000080003884                printk
 .text.z_thread_entry
                0x00000000800038a4       0x2a zephyr/libzephyr.a(thread_entry.c.obj)
                0x00000000800038a4                z_thread_entry
 .text.free_space
                0x00000000800038ce       0x26 zephyr/libzephyr.a(mpsc_pbuf.c.obj)
 .text.get_usage
                0x00000000800038f4       0x28 zephyr/libzephyr.a(mpsc_pbuf.c.obj)
 .text.idx_inc  0x000000008000391c       0x1c zephyr/libzephyr.a(mpsc_pbuf.c.obj)
 .text.rd_idx_inc
                0x0000000080003938       0x1e zephyr/libzephyr.a(mpsc_pbuf.c.obj)
 .text.add_skip_item
                0x0000000080003956       0x44 zephyr/libzephyr.a(mpsc_pbuf.c.obj)
 .text.drop_item_locked
                0x000000008000399a       0xfe zephyr/libzephyr.a(mpsc_pbuf.c.obj)
 .text.post_drop_action
                0x0000000080003a98       0x48 zephyr/libzephyr.a(mpsc_pbuf.c.obj)
 .text.max_utilization_update
                0x0000000080003ae0       0x2a zephyr/libzephyr.a(mpsc_pbuf.c.obj)
 .text.mpsc_pbuf_init
                0x0000000080003b0a       0x4e zephyr/libzephyr.a(mpsc_pbuf.c.obj)
                0x0000000080003b0a                mpsc_pbuf_init
 .text.mpsc_pbuf_alloc
                0x0000000080003b58      0x100 zephyr/libzephyr.a(mpsc_pbuf.c.obj)
                0x0000000080003b58                mpsc_pbuf_alloc
 .text.mpsc_pbuf_commit
                0x0000000080003c58       0x42 zephyr/libzephyr.a(mpsc_pbuf.c.obj)
                0x0000000080003c58                mpsc_pbuf_commit
 .text.mpsc_pbuf_claim
                0x0000000080003c9a       0xb6 zephyr/libzephyr.a(mpsc_pbuf.c.obj)
                0x0000000080003c9a                mpsc_pbuf_claim
 .text.mpsc_pbuf_free
                0x0000000080003d50       0x7c zephyr/libzephyr.a(mpsc_pbuf.c.obj)
                0x0000000080003d50                mpsc_pbuf_free
 .text.mpsc_pbuf_is_pending
                0x0000000080003dcc       0x26 zephyr/libzephyr.a(mpsc_pbuf.c.obj)
                0x0000000080003dcc                mpsc_pbuf_is_pending
 .text._ConfigAbsSyms
                0x0000000080003df2        0x2 zephyr/libzephyr.a(configs.c.obj)
                0x0000000080003df2                _ConfigAbsSyms
 .text.arch_irq_enable
                0x0000000080003df4       0x1c zephyr/libzephyr.a(soc_common_irq.c.obj)
                0x0000000080003df4                arch_irq_enable
 .text.z_riscv_irq_priority_set
                0x0000000080003e10       0x12 zephyr/libzephyr.a(soc_common_irq.c.obj)
                0x0000000080003e10                z_riscv_irq_priority_set
 .text.soc_interrupt_init
                0x0000000080003e22        0xe zephyr/libzephyr.a(soc_common_irq.c.obj)
                0x0000000080003e22                soc_interrupt_init
 .text.log_msg_generic_get_wlen
                0x0000000080003e30       0x22 zephyr/libzephyr.a(log_core.c.obj)
 .text.dummy_timestamp
                0x0000000080003e52        0x4 zephyr/libzephyr.a(log_core.c.obj)
 .text.activate_foreach_backend
                0x0000000080003e56       0x7a zephyr/libzephyr.a(log_core.c.obj)
 .text.atomic_inc
                0x0000000080003ed0        0xe zephyr/libzephyr.a(log_core.c.obj)
 .text.enable_logger
                0x0000000080003ede       0x5a zephyr/libzephyr.a(log_core.c.obj)
 .text.default_lf_get_timestamp
                0x0000000080003f38       0x14 zephyr/libzephyr.a(log_core.c.obj)
 .text.log_process_thread_timer_expiry_fn
                0x0000000080003f4c        0x8 zephyr/libzephyr.a(log_core.c.obj)
 .text.z_log_init
                0x0000000080003f54       0xa4 zephyr/libzephyr.a(log_core.c.obj)
 .text.log_format_func_t_get
                0x0000000080003ff8       0x10 zephyr/libzephyr.a(log_core.c.obj)
                0x0000000080003ff8                log_format_func_t_get
 .text.z_log_vprintk
                0x0000000080004008       0x12 zephyr/libzephyr.a(log_core.c.obj)
                0x0000000080004008                z_log_vprintk
 .text.log_set_timestamp_func
                0x000000008000401a       0x22 zephyr/libzephyr.a(log_core.c.obj)
                0x000000008000401a                log_set_timestamp_func
 .text.z_log_notify_backend_enabled
                0x000000008000403c       0x22 zephyr/libzephyr.a(log_core.c.obj)
                0x000000008000403c                z_log_notify_backend_enabled
 .text.z_log_dropped
                0x000000008000405e       0x34 zephyr/libzephyr.a(log_core.c.obj)
                0x000000008000405e                z_log_dropped
 .text.z_log_notify_drop
                0x0000000080004092        0x4 zephyr/libzephyr.a(log_core.c.obj)
 .text.z_log_dropped_read_and_clear
                0x0000000080004096       0x10 zephyr/libzephyr.a(log_core.c.obj)
                0x0000000080004096                z_log_dropped_read_and_clear
 .text.dropped_notify
                0x00000000800040a6       0x46 zephyr/libzephyr.a(log_core.c.obj)
                0x00000000800040a6                dropped_notify
 .text.z_log_msg_init
                0x00000000800040ec       0x2a zephyr/libzephyr.a(log_core.c.obj)
                0x00000000800040ec                z_log_msg_init
 .text.log_core_init
                0x0000000080004116       0x50 zephyr/libzephyr.a(log_core.c.obj)
                0x0000000080004116                log_core_init
 .text.z_log_msg_alloc
                0x0000000080004166       0x12 zephyr/libzephyr.a(log_core.c.obj)
                0x0000000080004166                z_log_msg_alloc
 .text.z_log_msg_local_claim
                0x0000000080004178        0xa zephyr/libzephyr.a(log_core.c.obj)
                0x0000000080004178                z_log_msg_local_claim
 .text.z_log_msg_free
                0x0000000080004182        0x8 zephyr/libzephyr.a(log_core.c.obj)
                0x0000000080004182                z_log_msg_free
 .text.z_log_msg_pending
                0x000000008000418a        0xa zephyr/libzephyr.a(log_core.c.obj)
                0x000000008000418a                z_log_msg_pending
 .text.z_impl_log_process
                0x0000000080004194       0xba zephyr/libzephyr.a(log_core.c.obj)
                0x0000000080004194                z_impl_log_process
 .text.z_impl_log_panic
                0x000000008000424e       0x54 zephyr/libzephyr.a(log_core.c.obj)
                0x000000008000424e                z_impl_log_panic
 .text.log_process_thread_func
                0x00000000800042a2       0x98 zephyr/libzephyr.a(log_core.c.obj)
 .text.z_log_msg_post_finalize
                0x000000008000433a       0x64 zephyr/libzephyr.a(log_core.c.obj)
 .text.z_log_msg_commit
                0x000000008000439e       0x26 zephyr/libzephyr.a(log_core.c.obj)
                0x000000008000439e                z_log_msg_commit
 .text.z_log_get_tag
                0x00000000800043c4        0x4 zephyr/libzephyr.a(log_core.c.obj)
                0x00000000800043c4                z_log_get_tag
 .text.log_source_name_get
                0x00000000800043c8       0x22 zephyr/libzephyr.a(log_mgmt.c.obj)
                0x00000000800043c8                log_source_name_get
 .text.log_backend_enable
                0x00000000800043ea       0x14 zephyr/libzephyr.a(log_mgmt.c.obj)
                0x00000000800043ea                log_backend_enable
 .text.z_cbprintf_cpy
                0x00000000800043fe       0x3e zephyr/libzephyr.a(log_msg.c.obj)
 .text.z_log_msg_finalize
                0x000000008000443c       0x3e zephyr/libzephyr.a(log_msg.c.obj)
                0x000000008000443c                z_log_msg_finalize
 .text.z_log_msg_simple_create
                0x000000008000447a       0x7c zephyr/libzephyr.a(log_msg.c.obj)
 .text.z_impl_z_log_msg_simple_create_0
                0x00000000800044f6       0x12 zephyr/libzephyr.a(log_msg.c.obj)
                0x00000000800044f6                z_impl_z_log_msg_simple_create_0
 .text.z_impl_z_log_msg_simple_create_1
                0x0000000080004508       0x14 zephyr/libzephyr.a(log_msg.c.obj)
                0x0000000080004508                z_impl_z_log_msg_simple_create_1
 .text.z_impl_z_log_msg_simple_create_2
                0x000000008000451c       0x16 zephyr/libzephyr.a(log_msg.c.obj)
                0x000000008000451c                z_impl_z_log_msg_simple_create_2
 .text.z_impl_z_log_msg_static_create
                0x0000000080004532      0x152 zephyr/libzephyr.a(log_msg.c.obj)
                0x0000000080004532                z_impl_z_log_msg_static_create
 .text.z_log_msg_runtime_vcreate
                0x0000000080004684       0xcc zephyr/libzephyr.a(log_msg.c.obj)
                0x0000000080004684                z_log_msg_runtime_vcreate
 .text.log_msg_get_source_id
                0x0000000080004750       0x1a zephyr/libzephyr.a(log_msg.c.obj)
                0x0000000080004750                log_msg_get_source_id
 .text.log_output_write
                0x000000008000476a       0x32 zephyr/libzephyr.a(log_output.c.obj)
 .text.log_output_flush
                0x000000008000479c       0x22 zephyr/libzephyr.a(log_output.c.obj)
 .text.print_formatted
                0x00000000800047be       0x2a zephyr/libzephyr.a(log_output.c.obj)
 .text.newline_print
                0x00000000800047e8       0x22 zephyr/libzephyr.a(log_output.c.obj)
 .text.out_func
                0x000000008000480a       0x3a zephyr/libzephyr.a(log_output.c.obj)
 .text.cr_out_func
                0x0000000080004844       0x28 zephyr/libzephyr.a(log_output.c.obj)
 .text.log_output_process
                0x000000008000486c      0x2d2 zephyr/libzephyr.a(log_output.c.obj)
                0x000000008000486c                log_output_process
 .text.log_output_msg_process
                0x0000000080004b3e       0x7c zephyr/libzephyr.a(log_output.c.obj)
                0x0000000080004b3e                log_output_msg_process
 .text.log_output_dropped_process
                0x0000000080004bba       0x70 zephyr/libzephyr.a(log_output.c.obj)
                0x0000000080004bba                log_output_dropped_process
 .text.log_output_timestamp_freq_set
                0x0000000080004c2a       0x26 zephyr/libzephyr.a(log_output.c.obj)
                0x0000000080004c2a                log_output_timestamp_freq_set
 .text.format_set
                0x0000000080004c50        0xc zephyr/libzephyr.a(log_backend_uart.c.obj)
 .text.log_backend_uart_init
                0x0000000080004c5c        0xc zephyr/libzephyr.a(log_backend_uart.c.obj)
 .text.panic    0x0000000080004c68       0x52 zephyr/libzephyr.a(log_backend_uart.c.obj)
 .text.dropped  0x0000000080004cba        0x8 zephyr/libzephyr.a(log_backend_uart.c.obj)
 .text.process  0x0000000080004cc2       0x24 zephyr/libzephyr.a(log_backend_uart.c.obj)
 .text.char_out
                0x0000000080004ce6       0x42 zephyr/libzephyr.a(log_backend_uart.c.obj)
 .text.sys_trace_idle
                0x0000000080004d28        0x2 zephyr/libzephyr.a(tracing_none.c.obj)
                0x0000000080004d28                sys_trace_idle
 .text.sys_trace_idle_exit
                0x0000000080004d2a        0x2 zephyr/libzephyr.a(tracing_none.c.obj)
                0x0000000080004d2a                sys_trace_idle_exit
 .text.arch_early_memset
                0x0000000080004d2c        0x4 zephyr/arch/common/libarch__common.a(init.c.obj)
                0x0000000080004d2c                arch_early_memset
 .text.arch_bss_zero
                0x0000000080004d30       0x14 zephyr/arch/common/libarch__common.a(init.c.obj)
                0x0000000080004d30                arch_bss_zero
 .text.arch_cpu_idle
                0x0000000080004d44       0x18 zephyr/arch/arch/riscv/core/libarch__riscv__core.a(cpu_idle.c.obj)
                0x0000000080004d44                arch_cpu_idle
 .text.z_log_msg_simple_create_2.constprop.0
                0x0000000080004d5c        0xc zephyr/arch/arch/riscv/core/libarch__riscv__core.a(fatal.c.obj)
 .text.z_riscv_get_sp_before_exc
                0x0000000080004d68        0x6 zephyr/arch/arch/riscv/core/libarch__riscv__core.a(fatal.c.obj)
                0x0000000080004d68                z_riscv_get_sp_before_exc
 .text.z_riscv_fatal_error
                0x0000000080004d6e      0x240 zephyr/arch/arch/riscv/core/libarch__riscv__core.a(fatal.c.obj)
                0x0000000080004d6e                z_riscv_fatal_error
 .text.z_riscv_fault
                0x0000000080004fae        0xa zephyr/arch/arch/riscv/core/libarch__riscv__core.a(fatal.c.obj)
                0x0000000080004fae                z_riscv_fault
 .text.z_irq_spurious
                0x0000000080004fb8       0x6e zephyr/arch/arch/riscv/core/libarch__riscv__core.a(irq_manage.c.obj)
                0x0000000080004fb8                z_irq_spurious
 .text.z_prep_c
                0x0000000080005026       0x10 zephyr/arch/arch/riscv/core/libarch__riscv__core.a(prep_c.c.obj)
                0x0000000080005026                z_prep_c
 .text.arch_new_thread
                0x0000000080005036       0x34 zephyr/arch/arch/riscv/core/libarch__riscv__core.a(thread.c.obj)
                0x0000000080005036                arch_new_thread
 .text.arch_coprocessors_disable
                0x000000008000506a        0x6 zephyr/arch/arch/riscv/core/libarch__riscv__core.a(thread.c.obj)
                0x000000008000506a                arch_coprocessors_disable
 .text.z_riscv_pmp_init
                0x0000000080005070       0x9e zephyr/arch/arch/riscv/core/libarch__riscv__core.a(pmp.c.obj)
                0x0000000080005070                z_riscv_pmp_init
 .text.arch_tls_stack_setup
                0x000000008000510e       0x54 zephyr/arch/arch/riscv/core/libarch__riscv__core.a(tls.c.obj)
                0x000000008000510e                arch_tls_stack_setup
 .text.in_stack_bound
                0x0000000080005162       0x38 zephyr/arch/arch/riscv/core/libarch__riscv__core.a(stacktrace.c.obj)
 .text.walk_stackframe
                0x000000008000519a       0xc2 zephyr/arch/arch/riscv/core/libarch__riscv__core.a(stacktrace.c.obj)
 .text.in_fatal_stack_bound
                0x000000008000525c       0x32 zephyr/arch/arch/riscv/core/libarch__riscv__core.a(stacktrace.c.obj)
 .text.print_trace_address
                0x000000008000528e       0x4e zephyr/arch/arch/riscv/core/libarch__riscv__core.a(stacktrace.c.obj)
 .text.z_riscv_unwind_stack
                0x00000000800052dc       0x5a zephyr/arch/arch/riscv/core/libarch__riscv__core.a(stacktrace.c.obj)
                0x00000000800052dc                z_riscv_unwind_stack
 .text.cbputc   0x0000000080005336       0x12 zephyr/lib/libc/picolibc/liblib__libc__picolibc.a(cbprintf.c.obj)
 .text.cbvprintf
                0x0000000080005348       0x32 zephyr/lib/libc/picolibc/liblib__libc__picolibc.a(cbprintf.c.obj)
                0x0000000080005348                cbvprintf
 .text.z_impl_zephyr_fputc
                0x000000008000537a       0x12 zephyr/lib/libc/picolibc/liblib__libc__picolibc.a(stdio.c.obj)
                0x000000008000537a                z_impl_zephyr_fputc
 .text.picolibc_put
                0x000000008000538c        0xe zephyr/lib/libc/picolibc/liblib__libc__picolibc.a(stdio.c.obj)
 .text.__stdout_hook_install
                0x000000008000539a       0x1a zephyr/lib/libc/picolibc/liblib__libc__picolibc.a(stdio.c.obj)
                0x000000008000539a                __stdout_hook_install
 .text.malloc_prepare
                0x00000000800053b4       0x24 zephyr/lib/libc/common/liblib__libc__common.a(malloc.c.obj)
 .text.malloc_lock
                0x00000000800053d8       0x10 zephyr/lib/libc/common/liblib__libc__common.a(malloc.c.obj)
 .text.malloc_unlock
                0x00000000800053e8        0xc zephyr/lib/libc/common/liblib__libc__common.a(malloc.c.obj)
 .text.malloc   0x00000000800053f4       0x2e zephyr/lib/libc/common/liblib__libc__common.a(malloc.c.obj)
                0x00000000800053f4                malloc
 .text.plic_irq_config_func_0
                0x0000000080005422       0x18 zephyr/drivers/interrupt_controller/libdrivers__interrupt_controller.a(intc_plic.c.obj)
 .text.get_context_en_addr.constprop.0.isra.0
                0x000000008000543a       0x14 zephyr/drivers/interrupt_controller/libdrivers__interrupt_controller.a(intc_plic.c.obj)
 .text.plic_irq_enable_set_state
                0x000000008000544e       0x48 zephyr/drivers/interrupt_controller/libdrivers__interrupt_controller.a(intc_plic.c.obj)
 .text.plic_irq_handler
                0x0000000080005496       0x6c zephyr/drivers/interrupt_controller/libdrivers__interrupt_controller.a(intc_plic.c.obj)
 .text.plic_init
                0x0000000080005502       0x6e zephyr/drivers/interrupt_controller/libdrivers__interrupt_controller.a(intc_plic.c.obj)
 .text.riscv_plic_irq_enable
                0x0000000080005570       0x1c zephyr/drivers/interrupt_controller/libdrivers__interrupt_controller.a(intc_plic.c.obj)
                0x0000000080005570                riscv_plic_irq_enable
 .text.riscv_plic_set_priority
                0x000000008000558c       0x1c zephyr/drivers/interrupt_controller/libdrivers__interrupt_controller.a(intc_plic.c.obj)
                0x000000008000558c                riscv_plic_set_priority
 .text.riscv_plic_get_irq
                0x00000000800055a8       0x10 zephyr/drivers/interrupt_controller/libdrivers__interrupt_controller.a(intc_plic.c.obj)
                0x00000000800055a8                riscv_plic_get_irq
 .text.riscv_plic_get_dev
                0x00000000800055b8       0x10 zephyr/drivers/interrupt_controller/libdrivers__interrupt_controller.a(intc_plic.c.obj)
                0x00000000800055b8                riscv_plic_get_dev
 .text.uart_console_init
                0x00000000800055c8       0x34 zephyr/drivers/console/libdrivers__console.a(uart_console.c.obj)
 .text.console_out
                0x00000000800055fc       0x46 zephyr/drivers/console/libdrivers__console.a(uart_console.c.obj)
 .text.uart_ns16550_config_get
                0x0000000080005642       0x2a zephyr/drivers/serial/libdrivers__serial.a(uart_ns16550.c.obj)
 .text.uart_ns16550_poll_out
                0x000000008000566c       0x2c zephyr/drivers/serial/libdrivers__serial.a(uart_ns16550.c.obj)
 .text.uart_ns16550_err_check
                0x0000000080005698       0x2a zephyr/drivers/serial/libdrivers__serial.a(uart_ns16550.c.obj)
 .text.uart_ns16550_configure
                0x00000000800056c2      0x1b8 zephyr/drivers/serial/libdrivers__serial.a(uart_ns16550.c.obj)
 .text.uart_ns16550_init
                0x000000008000587a       0x20 zephyr/drivers/serial/libdrivers__serial.a(uart_ns16550.c.obj)
 .text.uart_ns16550_poll_in
                0x000000008000589a       0x32 zephyr/drivers/serial/libdrivers__serial.a(uart_ns16550.c.obj)
 .text.mtime    0x00000000800058cc       0x18 zephyr/drivers/timer/libdrivers__timer.a(riscv_machine_timer.c.obj)
 .text.sys_clock_driver_init
                0x00000000800058e4       0x70 zephyr/drivers/timer/libdrivers__timer.a(riscv_machine_timer.c.obj)
 .text.timer_isr
                0x0000000080005954       0x62 zephyr/drivers/timer/libdrivers__timer.a(riscv_machine_timer.c.obj)
 .text.sys_clock_set_timeout
                0x00000000800059b6       0xa6 zephyr/drivers/timer/libdrivers__timer.a(riscv_machine_timer.c.obj)
                0x00000000800059b6                sys_clock_set_timeout
 .text.sys_clock_elapsed
                0x0000000080005a5c       0x30 zephyr/drivers/timer/libdrivers__timer.a(riscv_machine_timer.c.obj)
                0x0000000080005a5c                sys_clock_elapsed
 .text.do_device_init
                0x0000000080005a8c       0x48 zephyr/kernel/libkernel.a(device.c.obj)
                0x0000000080005a8c                do_device_init
 .text.z_impl_device_is_ready
                0x0000000080005ad4       0x1c zephyr/kernel/libkernel.a(device.c.obj)
                0x0000000080005ad4                z_impl_device_is_ready
 .text.arch_system_halt
                0x0000000080005af0        0x6 zephyr/kernel/libkernel.a(fatal.c.obj)
                0x0000000080005af0                arch_system_halt
 .text.k_sys_fatal_error_handler
                0x0000000080005af6       0x26 zephyr/kernel/libkernel.a(fatal.c.obj)
                0x0000000080005af6                k_sys_fatal_error_handler
 .text.z_fatal_error
                0x0000000080005b1c      0x108 zephyr/kernel/libkernel.a(fatal.c.obj)
                0x0000000080005b1c                z_fatal_error
 .text.z_sys_init_run_level
                0x0000000080005c24       0x48 zephyr/kernel/libkernel.a(init.c.obj)
 .text.bg_thread_main
                0x0000000080005c6c       0xbc zephyr/kernel/libkernel.a(init.c.obj)
 .text.z_init_cpu
                0x0000000080005d28       0x7e zephyr/kernel/libkernel.a(init.c.obj)
                0x0000000080005d28                z_init_cpu
 .text.z_cstart
                0x0000000080005da6       0xba zephyr/kernel/libkernel.a(init.c.obj)
                0x0000000080005da6                z_cstart
 .text.idle     0x0000000080005e60        0xe zephyr/kernel/libkernel.a(idle.c.obj)
                0x0000000080005e60                idle
 .text.adjust_owner_prio.isra.0
                0x0000000080005e6e       0x10 zephyr/kernel/libkernel.a(mutex.c.obj)
 .text.z_impl_k_mutex_lock
                0x0000000080005e7e       0xe4 zephyr/kernel/libkernel.a(mutex.c.obj)
                0x0000000080005e7e                z_impl_k_mutex_lock
 .text.z_impl_k_mutex_unlock
                0x0000000080005f62       0xa2 zephyr/kernel/libkernel.a(mutex.c.obj)
                0x0000000080005f62                z_impl_k_mutex_unlock
 .text.z_impl_k_sem_init
                0x0000000080006004       0x18 zephyr/kernel/libkernel.a(sem.c.obj)
                0x0000000080006004                z_impl_k_sem_init
 .text.z_impl_k_sem_give
                0x000000008000601c       0x6e zephyr/kernel/libkernel.a(sem.c.obj)
                0x000000008000601c                z_impl_k_sem_give
 .text.z_impl_k_sem_take
                0x000000008000608a       0x32 zephyr/kernel/libkernel.a(sem.c.obj)
                0x000000008000608a                z_impl_k_sem_take
 .text.flag_test_and_clear
                0x00000000800060bc       0x18 zephyr/kernel/libkernel.a(work.c.obj)
 .text.work_queue_main
                0x00000000800060d4      0x14a zephyr/kernel/libkernel.a(work.c.obj)
 .text.k_work_queue_start
                0x000000008000621e       0x88 zephyr/kernel/libkernel.a(work.c.obj)
                0x000000008000621e                k_work_queue_start
 .text.k_is_in_isr
                0x00000000800062a6        0xa zephyr/kernel/libkernel.a(thread.c.obj)
                0x00000000800062a6                k_is_in_isr
 .text.z_impl_k_thread_name_set
                0x00000000800062b0        0x6 zephyr/kernel/libkernel.a(thread.c.obj)
                0x00000000800062b0                z_impl_k_thread_name_set
 .text.k_thread_name_get
                0x00000000800062b6        0x4 zephyr/kernel/libkernel.a(thread.c.obj)
                0x00000000800062b6                k_thread_name_get
 .text.z_check_stack_sentinel
                0x00000000800062ba       0x2a zephyr/kernel/libkernel.a(thread.c.obj)
                0x00000000800062ba                z_check_stack_sentinel
 .text.z_setup_new_thread
                0x00000000800062e4       0x9e zephyr/kernel/libkernel.a(thread.c.obj)
                0x00000000800062e4                z_setup_new_thread
 .text.z_impl_k_thread_create
                0x0000000080006382       0x54 zephyr/kernel/libkernel.a(thread.c.obj)
                0x0000000080006382                z_impl_k_thread_create
 .text.z_dummy_thread_init
                0x00000000800063d6       0x1e zephyr/kernel/libkernel.a(thread.c.obj)
                0x00000000800063d6                z_dummy_thread_init
 .text.sys_dlist_remove
                0x00000000800063f4       0x12 zephyr/kernel/libkernel.a(sched.c.obj)
 .text.unpend_thread_no_timeout
                0x0000000080006406       0x22 zephyr/kernel/libkernel.a(sched.c.obj)
 .text.ready_thread
                0x0000000080006428       0xa0 zephyr/kernel/libkernel.a(sched.c.obj)
 .text.unready_thread
                0x00000000800064c8       0x70 zephyr/kernel/libkernel.a(sched.c.obj)
 .text.add_thread_timeout
                0x0000000080006538       0x1e zephyr/kernel/libkernel.a(sched.c.obj)
 .text.z_swap   0x0000000080006556       0x68 zephyr/kernel/libkernel.a(sched.c.obj)
 .text.add_to_waitq_locked
                0x00000000800065be       0x60 zephyr/kernel/libkernel.a(sched.c.obj)
 .text.move_current_to_end_of_prio_q
                0x000000008000661e       0x80 zephyr/kernel/libkernel.a(sched.c.obj)
                0x000000008000661e                move_current_to_end_of_prio_q
 .text.z_ready_thread
                0x000000008000669e       0x1c zephyr/kernel/libkernel.a(sched.c.obj)
                0x000000008000669e                z_ready_thread
 .text.z_unpend_thread_no_timeout
                0x00000000800066ba       0x20 zephyr/kernel/libkernel.a(sched.c.obj)
                0x00000000800066ba                z_unpend_thread_no_timeout
 .text.z_sched_wake_thread
                0x00000000800066da       0x40 zephyr/kernel/libkernel.a(sched.c.obj)
                0x00000000800066da                z_sched_wake_thread
 .text.z_thread_timeout
                0x000000008000671a        0x8 zephyr/kernel/libkernel.a(sched.c.obj)
                0x000000008000671a                z_thread_timeout
 .text.z_pend_curr
                0x0000000080006722       0x40 zephyr/kernel/libkernel.a(sched.c.obj)
                0x0000000080006722                z_pend_curr
 .text.z_unpend1_no_timeout
                0x0000000080006762       0x2e zephyr/kernel/libkernel.a(sched.c.obj)
                0x0000000080006762                z_unpend1_no_timeout
 .text.z_thread_prio_set
                0x0000000080006790      0x110 zephyr/kernel/libkernel.a(sched.c.obj)
                0x0000000080006790                z_thread_prio_set
 .text.z_reschedule
                0x00000000800068a0       0x20 zephyr/kernel/libkernel.a(sched.c.obj)
                0x00000000800068a0                z_reschedule
 .text.z_reschedule_irqlock
                0x00000000800068c0       0x5e zephyr/kernel/libkernel.a(sched.c.obj)
                0x00000000800068c0                z_reschedule_irqlock
 .text.k_sched_lock
                0x000000008000691e       0x1c zephyr/kernel/libkernel.a(sched.c.obj)
                0x000000008000691e                k_sched_lock
 .text.k_sched_unlock
                0x000000008000693a       0x6a zephyr/kernel/libkernel.a(sched.c.obj)
                0x000000008000693a                k_sched_unlock
 .text.z_swap_next_thread
                0x00000000800069a4        0x8 zephyr/kernel/libkernel.a(sched.c.obj)
                0x00000000800069a4                z_swap_next_thread
 .text.z_get_next_switch_handle
                0x00000000800069ac       0x26 zephyr/kernel/libkernel.a(sched.c.obj)
                0x00000000800069ac                z_get_next_switch_handle
 .text.z_sched_init
                0x00000000800069d2        0xe zephyr/kernel/libkernel.a(sched.c.obj)
                0x00000000800069d2                z_sched_init
 .text.z_impl_k_thread_priority_set
                0x00000000800069e0       0x28 zephyr/kernel/libkernel.a(sched.c.obj)
                0x00000000800069e0                z_impl_k_thread_priority_set
 .text.z_impl_k_yield
                0x0000000080006a08       0x8c zephyr/kernel/libkernel.a(sched.c.obj)
                0x0000000080006a08                z_impl_k_yield
 .text.z_tick_sleep
                0x0000000080006a94       0x7e zephyr/kernel/libkernel.a(sched.c.obj)
 .text.z_impl_k_sleep
                0x0000000080006b12       0x3e zephyr/kernel/libkernel.a(sched.c.obj)
                0x0000000080006b12                z_impl_k_sleep
 .text.z_impl_k_wakeup
                0x0000000080006b50       0x42 zephyr/kernel/libkernel.a(sched.c.obj)
                0x0000000080006b50                z_impl_k_wakeup
 .text.z_impl_k_sched_current_thread_query
                0x0000000080006b92        0x8 zephyr/kernel/libkernel.a(sched.c.obj)
                0x0000000080006b92                z_impl_k_sched_current_thread_query
 .text.z_thread_abort
                0x0000000080006b9a      0x138 zephyr/kernel/libkernel.a(sched.c.obj)
                0x0000000080006b9a                z_thread_abort
 .text.z_impl_k_thread_abort
                0x0000000080006cd2        0x4 zephyr/kernel/libkernel.a(sched.c.obj)
                0x0000000080006cd2                z_impl_k_thread_abort
 .text.z_impl_k_thread_join
                0x0000000080006cd6       0x80 zephyr/kernel/libkernel.a(sched.c.obj)
                0x0000000080006cd6                z_impl_k_thread_join
 .text.z_sched_wake
                0x0000000080006d56       0x44 zephyr/kernel/libkernel.a(sched.c.obj)
                0x0000000080006d56                z_sched_wake
 .text.z_sched_wait
                0x0000000080006d9a       0x20 zephyr/kernel/libkernel.a(sched.c.obj)
                0x0000000080006d9a                z_sched_wait
 .text.slice_timeout
                0x0000000080006dba       0x24 zephyr/kernel/libkernel.a(timeslicing.c.obj)
 .text.thread_is_sliceable
                0x0000000080006dde       0x3c zephyr/kernel/libkernel.a(timeslicing.c.obj)
                0x0000000080006dde                thread_is_sliceable
 .text.z_reset_time_slice
                0x0000000080006e1a       0x5e zephyr/kernel/libkernel.a(timeslicing.c.obj)
                0x0000000080006e1a                z_reset_time_slice
 .text.z_time_slice
                0x0000000080006e78       0x4c zephyr/kernel/libkernel.a(timeslicing.c.obj)
                0x0000000080006e78                z_time_slice
 .text.first    0x0000000080006ec4        0xe zephyr/kernel/libkernel.a(timeout.c.obj)
 .text.next_timeout
                0x0000000080006ed2       0x42 zephyr/kernel/libkernel.a(timeout.c.obj)
 .text.elapsed  0x0000000080006f14        0xe zephyr/kernel/libkernel.a(timeout.c.obj)
 .text.remove_timeout
                0x0000000080006f22       0x38 zephyr/kernel/libkernel.a(timeout.c.obj)
 .text.z_add_timeout
                0x0000000080006f5a      0x158 zephyr/kernel/libkernel.a(timeout.c.obj)
                0x0000000080006f5a                z_add_timeout
 .text.z_abort_timeout
                0x00000000800070b2       0x54 zephyr/kernel/libkernel.a(timeout.c.obj)
                0x00000000800070b2                z_abort_timeout
 .text.sys_clock_announce
                0x0000000080007106       0xc6 zephyr/kernel/libkernel.a(timeout.c.obj)
                0x0000000080007106                sys_clock_announce
 .text.sys_clock_tick_get
                0x00000000800071cc       0x34 zephyr/kernel/libkernel.a(timeout.c.obj)
                0x00000000800071cc                sys_clock_tick_get
 .text.sys_clock_tick_get_32
                0x0000000080007200        0xe zephyr/kernel/libkernel.a(timeout.c.obj)
                0x0000000080007200                sys_clock_tick_get_32
 .text.z_impl_k_uptime_ticks
                0x000000008000720e        0x4 zephyr/kernel/libkernel.a(timeout.c.obj)
                0x000000008000720e                z_impl_k_uptime_ticks
 .text.z_timer_expiration_handler
                0x0000000080007212      0x132 zephyr/kernel/libkernel.a(timer.c.obj)
                0x0000000080007212                z_timer_expiration_handler
 .text.k_timer_init
                0x0000000080007344       0x1e zephyr/kernel/libkernel.a(timer.c.obj)
                0x0000000080007344                k_timer_init
 .text.z_impl_k_timer_start
                0x0000000080007362       0x82 zephyr/kernel/libkernel.a(timer.c.obj)
                0x0000000080007362                z_impl_k_timer_start
 .text.z_impl_k_timer_stop
                0x00000000800073e4       0x3a zephyr/kernel/libkernel.a(timer.c.obj)
                0x00000000800073e4                z_impl_k_timer_stop
 .text.boot_banner
                0x000000008000741e        0xc zephyr/kernel/libkernel.a(banner.c.obj)
                0x000000008000741e                boot_banner
 .text.k_heap_init
                0x000000008000742a        0xc zephyr/kernel/libkernel.a(kheap.c.obj)
                0x000000008000742a                k_heap_init
 .text.statics_init
                0x0000000080007436       0x2e zephyr/kernel/libkernel.a(kheap.c.obj)
 .text.k_sys_work_q_init
                0x0000000080007464       0x2a zephyr/kernel/libkernel.a(system_work_q.c.obj)
 .text.strnlen  0x000000008000748e       0x18 /home/shijo/zephyr-sdk-0.17.4/riscv64-zephyr-elf/bin/../lib/gcc/../../picolibc/riscv64-zephyr-elf/lib/rv32imac_zicsr_zifencei/ilp32/libc.a(libc_string_strnlen.c.o)
                0x000000008000748e                strnlen
 .text.snprintf
                0x00000000800074a6       0x68 /home/shijo/zephyr-sdk-0.17.4/riscv64-zephyr-elf/bin/../lib/gcc/../../picolibc/riscv64-zephyr-elf/lib/rv32imac_zicsr_zifencei/ilp32/libc.a(libc_tinystdio_snprintf.c.o)
                0x00000000800074a6                snprintf
 .text.__ultoa_invert
                0x000000008000750e      0x110 /home/shijo/zephyr-sdk-0.17.4/riscv64-zephyr-elf/bin/../lib/gcc/../../picolibc/riscv64-zephyr-elf/lib/rv32imac_zicsr_zifencei/ilp32/libc.a(libc_tinystdio_vflprintf.c.o)
 .text.__l_vfprintf
                0x000000008000761e      0x500 /home/shijo/zephyr-sdk-0.17.4/riscv64-zephyr-elf/bin/../lib/gcc/../../picolibc/riscv64-zephyr-elf/lib/rv32imac_zicsr_zifencei/ilp32/libc.a(libc_tinystdio_vflprintf.c.o)
                0x000000008000761e                __l_vfprintf
 .text.__file_str_put
                0x0000000080007b1e       0x14 /home/shijo/zephyr-sdk-0.17.4/riscv64-zephyr-elf/bin/../lib/gcc/../../picolibc/riscv64-zephyr-elf/lib/rv32imac_zicsr_zifencei/ilp32/libc.a(libc_tinystdio_filestrput.c.o)
                0x0000000080007b1e                __file_str_put
 *(SORT_BY_ALIGNMENT(.gnu.linkonce.t.*))
                0x0000000080007b32                __text_region_end = .
                0x0000000080007b32                __rodata_region_start = .

initlevel       0x0000000080007b34       0x40
                0x0000000080007b34                __init_start = .
                0x0000000080007b34                __init_EARLY_start = .
 *(SORT_BY_NAME(SORT_BY_ALIGNMENT(.z_init_EARLY_P_?_*)))
 *(SORT_BY_NAME(SORT_BY_ALIGNMENT(.z_init_EARLY_P_??_*)))
 *(SORT_BY_NAME(SORT_BY_ALIGNMENT(.z_init_EARLY_P_???_*)))
                0x0000000080007b34                __init_PRE_KERNEL_1_start = .
 *(SORT_BY_NAME(SORT_BY_ALIGNMENT(.z_init_PRE_KERNEL_1_P_?_*)))
 *(SORT_BY_NAME(SORT_BY_ALIGNMENT(.z_init_PRE_KERNEL_1_P_??_*)))
 .z_init_PRE_KERNEL_1_P_30_SUB_0_
                0x0000000080007b34        0x8 zephyr/kernel/libkernel.a(kheap.c.obj)
 .z_init_PRE_KERNEL_1_P_40_SUB_00022_
                0x0000000080007b3c        0x8 zephyr/drivers/interrupt_controller/libdrivers__interrupt_controller.a(intc_plic.c.obj)
 .z_init_PRE_KERNEL_1_P_50_SUB_00023_
                0x0000000080007b44        0x8 zephyr/drivers/serial/libdrivers__serial.a(uart_ns16550.c.obj)
 .z_init_PRE_KERNEL_1_P_60_SUB_0_
                0x0000000080007b4c        0x8 zephyr/drivers/console/libdrivers__console.a(uart_console.c.obj)
 *(SORT_BY_NAME(SORT_BY_ALIGNMENT(.z_init_PRE_KERNEL_1_P_???_*)))
                0x0000000080007b54                __init_PRE_KERNEL_2_start = .
 *(SORT_BY_NAME(SORT_BY_ALIGNMENT(.z_init_PRE_KERNEL_2_P_?_*)))
 .z_init_PRE_KERNEL_2_P_0_SUB_0_
                0x0000000080007b54        0x8 zephyr/drivers/timer/libdrivers__timer.a(riscv_machine_timer.c.obj)
 *(SORT_BY_NAME(SORT_BY_ALIGNMENT(.z_init_PRE_KERNEL_2_P_??_*)))
 *(SORT_BY_NAME(SORT_BY_ALIGNMENT(.z_init_PRE_KERNEL_2_P_???_*)))
                0x0000000080007b5c                __init_POST_KERNEL_start = .
 *(SORT_BY_NAME(SORT_BY_ALIGNMENT(.z_init_POST_KERNEL_P_?_*)))
 .z_init_POST_KERNEL_P_0_SUB_0_
                0x0000000080007b5c        0x8 zephyr/libzephyr.a(log_core.c.obj)
 *(SORT_BY_NAME(SORT_BY_ALIGNMENT(.z_init_POST_KERNEL_P_??_*)))
 .z_init_POST_KERNEL_P_35_SUB_0_
                0x0000000080007b64        0x8 zephyr/lib/libc/common/liblib__libc__common.a(malloc.c.obj)
 .z_init_POST_KERNEL_P_40_SUB_0_
                0x0000000080007b6c        0x8 zephyr/kernel/libkernel.a(system_work_q.c.obj)
 *(SORT_BY_NAME(SORT_BY_ALIGNMENT(.z_init_POST_KERNEL_P_???_*)))
                0x0000000080007b74                __init_APPLICATION_start = .
 *(SORT_BY_NAME(SORT_BY_ALIGNMENT(.z_init_APPLICATION_P_?_*)))
 *(SORT_BY_NAME(SORT_BY_ALIGNMENT(.z_init_APPLICATION_P_??_*)))
 *(SORT_BY_NAME(SORT_BY_ALIGNMENT(.z_init_APPLICATION_P_???_*)))
                0x0000000080007b74                __init_SMP_start = .
 *(SORT_BY_NAME(SORT_BY_ALIGNMENT(.z_init_SMP_P_?_*)))
 *(SORT_BY_NAME(SORT_BY_ALIGNMENT(.z_init_SMP_P_??_*)))
 *(SORT_BY_NAME(SORT_BY_ALIGNMENT(.z_init_SMP_P_???_*)))
                0x0000000080007b74                __init_end = .

device_area     0x0000000080007b74       0x38
                0x0000000080007b74                _device_list_start = .
 *(SORT_BY_NAME(SORT_BY_ALIGNMENT(._device.static.*_?_*)))
 *(SORT_BY_NAME(SORT_BY_ALIGNMENT(._device.static.*_??_*)))
 ._device.static.1_40_
                0x0000000080007b74       0x1c zephyr/drivers/interrupt_controller/libdrivers__interrupt_controller.a(intc_plic.c.obj)
                0x0000000080007b74                __device_dts_ord_22
 ._device.static.1_50_
                0x0000000080007b90       0x1c zephyr/drivers/serial/libdrivers__serial.a(uart_ns16550.c.obj)
                0x0000000080007b90                __device_dts_ord_23
 *(SORT_BY_NAME(SORT_BY_ALIGNMENT(._device.static.*_???_*)))
 *(SORT_BY_NAME(SORT_BY_ALIGNMENT(._device.static.*_????_*)))
 *(SORT_BY_NAME(SORT_BY_ALIGNMENT(._device.static.*_?????_*)))
                0x0000000080007bac                _device_list_end = .

sw_isr_table    0x0000000080007bac     0x2060
                0x0000000080007bac                . = ALIGN (0x4)
 *(SORT_BY_ALIGNMENT(.gnu.linkonce.sw_isr_table*))
 .gnu.linkonce.sw_isr_table
                0x0000000080007bac     0x2060 zephyr/arch/common/libisr_tables.a(isr_tables.c.obj)
                0x0000000080007bac                _sw_isr_table

initlevel_error
                0x0000000080007b32        0x0
 *(SORT_BY_NAME(SORT_BY_ALIGNMENT(.z_init_*)))
                0x0000000000000001                ASSERT ((SIZEOF (initlevel_error) == 0x0), Undefined initialization levels used.)

app_shmem_regions
                0x0000000080009c0c        0x0
                0x0000000080009c0c                __app_shmem_regions_start = .
 *(SORT_BY_NAME(SORT_BY_ALIGNMENT(.app_regions.*)))
                0x0000000080009c0c                __app_shmem_regions_end = .

k_p4wq_initparam_area
                0x0000000080009c0c        0x0
                0x0000000080009c0c                _k_p4wq_initparam_list_start = .
 *(SORT_BY_NAME(SORT_BY_ALIGNMENT(._k_p4wq_initparam.static.*)))
                0x0000000080009c0c                _k_p4wq_initparam_list_end = .

_static_thread_data_area
                0x0000000080009c0c        0x0
                0x0000000080009c0c                __static_thread_data_list_start = .
 *(SORT_BY_NAME(SORT_BY_ALIGNMENT(.__static_thread_data.static.*)))
                0x0000000080009c0c                __static_thread_data_list_end = .

device_deps     0x0000000080009c0c        0x0
                0x0000000080009c0c                __device_deps_start = .
 *(SORT_BY_NAME(SORT_BY_ALIGNMENT(.__device_deps_pass2*)))
                0x0000000080009c0c                __device_deps_end = .

shared_irq_driver_api_area
                0x0000000080009c0c        0x0
                0x0000000080009c0c                _shared_irq_driver_api_list_start = .
 *(SORT_BY_NAME(SORT_BY_ALIGNMENT(._shared_irq_driver_api.static.*)))
                0x0000000080009c0c                _shared_irq_driver_api_list_end = .

crypto_driver_api_area
                0x0000000080009c0c        0x0
                0x0000000080009c0c                _crypto_driver_api_list_start = .
 *(SORT_BY_NAME(SORT_BY_ALIGNMENT(._crypto_driver_api.static.*)))
                0x0000000080009c0c                _crypto_driver_api_list_end = .

adc_driver_api_area
                0x0000000080009c0c        0x0
                0x0000000080009c0c                _adc_driver_api_list_start = .
 *(SORT_BY_NAME(SORT_BY_ALIGNMENT(._adc_driver_api.static.*)))
                0x0000000080009c0c                _adc_driver_api_list_end = .

auxdisplay_driver_api_area
                0x0000000080009c0c        0x0
                0x0000000080009c0c                _auxdisplay_driver_api_list_start = .
 *(SORT_BY_NAME(SORT_BY_ALIGNMENT(._auxdisplay_driver_api.static.*)))
                0x0000000080009c0c                _auxdisplay_driver_api_list_end = .

bbram_driver_api_area
                0x0000000080009c0c        0x0
                0x0000000080009c0c                _bbram_driver_api_list_start = .
 *(SORT_BY_NAME(SORT_BY_ALIGNMENT(._bbram_driver_api.static.*)))
                0x0000000080009c0c                _bbram_driver_api_list_end = .

bt_hci_driver_api_area
                0x0000000080009c0c        0x0
                0x0000000080009c0c                _bt_hci_driver_api_list_start = .
 *(SORT_BY_NAME(SORT_BY_ALIGNMENT(._bt_hci_driver_api.static.*)))
                0x0000000080009c0c                _bt_hci_driver_api_list_end = .

can_driver_api_area
                0x0000000080009c0c        0x0
                0x0000000080009c0c                _can_driver_api_list_start = .
 *(SORT_BY_NAME(SORT_BY_ALIGNMENT(._can_driver_api.static.*)))
                0x0000000080009c0c                _can_driver_api_list_end = .

cellular_driver_api_area
                0x0000000080009c0c        0x0
                0x0000000080009c0c                _cellular_driver_api_list_start = .
 *(SORT_BY_NAME(SORT_BY_ALIGNMENT(._cellular_driver_api.static.*)))
                0x0000000080009c0c                _cellular_driver_api_list_end = .

charger_driver_api_area
                0x0000000080009c0c        0x0
                0x0000000080009c0c                _charger_driver_api_list_start = .
 *(SORT_BY_NAME(SORT_BY_ALIGNMENT(._charger_driver_api.static.*)))
                0x0000000080009c0c                _charger_driver_api_list_end = .

clock_control_driver_api_area
                0x0000000080009c0c        0x0
                0x0000000080009c0c                _clock_control_driver_api_list_start = .
 *(SORT_BY_NAME(SORT_BY_ALIGNMENT(._clock_control_driver_api.static.*)))
                0x0000000080009c0c                _clock_control_driver_api_list_end = .

comparator_driver_api_area
                0x0000000080009c0c        0x0
                0x0000000080009c0c                _comparator_driver_api_list_start = .
 *(SORT_BY_NAME(SORT_BY_ALIGNMENT(._comparator_driver_api.static.*)))
                0x0000000080009c0c                _comparator_driver_api_list_end = .

coredump_driver_api_area
                0x0000000080009c0c        0x0
                0x0000000080009c0c                _coredump_driver_api_list_start = .
 *(SORT_BY_NAME(SORT_BY_ALIGNMENT(._coredump_driver_api.static.*)))
                0x0000000080009c0c                _coredump_driver_api_list_end = .

counter_driver_api_area
                0x0000000080009c0c        0x0
                0x0000000080009c0c                _counter_driver_api_list_start = .
 *(SORT_BY_NAME(SORT_BY_ALIGNMENT(._counter_driver_api.static.*)))
                0x0000000080009c0c                _counter_driver_api_list_end = .

crc_driver_api_area
                0x0000000080009c0c        0x0
                0x0000000080009c0c                _crc_driver_api_list_start = .
 *(SORT_BY_NAME(SORT_BY_ALIGNMENT(._crc_driver_api.static.*)))
                0x0000000080009c0c                _crc_driver_api_list_end = .

dac_driver_api_area
                0x0000000080009c0c        0x0
                0x0000000080009c0c                _dac_driver_api_list_start = .
 *(SORT_BY_NAME(SORT_BY_ALIGNMENT(._dac_driver_api.static.*)))
                0x0000000080009c0c                _dac_driver_api_list_end = .

dai_driver_api_area
                0x0000000080009c0c        0x0
                0x0000000080009c0c                _dai_driver_api_list_start = .
 *(SORT_BY_NAME(SORT_BY_ALIGNMENT(._dai_driver_api.static.*)))
                0x0000000080009c0c                _dai_driver_api_list_end = .

display_driver_api_area
                0x0000000080009c0c        0x0
                0x0000000080009c0c                _display_driver_api_list_start = .
 *(SORT_BY_NAME(SORT_BY_ALIGNMENT(._display_driver_api.static.*)))
                0x0000000080009c0c                _display_driver_api_list_end = .

dma_driver_api_area
                0x0000000080009c0c        0x0
                0x0000000080009c0c                _dma_driver_api_list_start = .
 *(SORT_BY_NAME(SORT_BY_ALIGNMENT(._dma_driver_api.static.*)))
                0x0000000080009c0c                _dma_driver_api_list_end = .

edac_driver_api_area
                0x0000000080009c0c        0x0
                0x0000000080009c0c                _edac_driver_api_list_start = .
 *(SORT_BY_NAME(SORT_BY_ALIGNMENT(._edac_driver_api.static.*)))
                0x0000000080009c0c                _edac_driver_api_list_end = .

eeprom_driver_api_area
                0x0000000080009c0c        0x0
                0x0000000080009c0c                _eeprom_driver_api_list_start = .
 *(SORT_BY_NAME(SORT_BY_ALIGNMENT(._eeprom_driver_api.static.*)))
                0x0000000080009c0c                _eeprom_driver_api_list_end = .

emul_bbram_driver_api_area
                0x0000000080009c0c        0x0
                0x0000000080009c0c                _emul_bbram_driver_api_list_start = .
 *(SORT_BY_NAME(SORT_BY_ALIGNMENT(._emul_bbram_driver_api.static.*)))
                0x0000000080009c0c                _emul_bbram_driver_api_list_end = .

fuel_gauge_emul_driver_api_area
                0x0000000080009c0c        0x0
                0x0000000080009c0c                _fuel_gauge_emul_driver_api_list_start = .
 *(SORT_BY_NAME(SORT_BY_ALIGNMENT(._fuel_gauge_emul_driver_api.static.*)))
                0x0000000080009c0c                _fuel_gauge_emul_driver_api_list_end = .

emul_sensor_driver_api_area
                0x0000000080009c0c        0x0
                0x0000000080009c0c                _emul_sensor_driver_api_list_start = .
 *(SORT_BY_NAME(SORT_BY_ALIGNMENT(._emul_sensor_driver_api.static.*)))
                0x0000000080009c0c                _emul_sensor_driver_api_list_end = .

entropy_driver_api_area
                0x0000000080009c0c        0x0
                0x0000000080009c0c                _entropy_driver_api_list_start = .
 *(SORT_BY_NAME(SORT_BY_ALIGNMENT(._entropy_driver_api.static.*)))
                0x0000000080009c0c                _entropy_driver_api_list_end = .

espi_driver_api_area
                0x0000000080009c0c        0x0
                0x0000000080009c0c                _espi_driver_api_list_start = .
 *(SORT_BY_NAME(SORT_BY_ALIGNMENT(._espi_driver_api.static.*)))
                0x0000000080009c0c                _espi_driver_api_list_end = .

espi_saf_driver_api_area
                0x0000000080009c0c        0x0
                0x0000000080009c0c                _espi_saf_driver_api_list_start = .
 *(SORT_BY_NAME(SORT_BY_ALIGNMENT(._espi_saf_driver_api.static.*)))
                0x0000000080009c0c                _espi_saf_driver_api_list_end = .

flash_driver_api_area
                0x0000000080009c0c        0x0
                0x0000000080009c0c                _flash_driver_api_list_start = .
 *(SORT_BY_NAME(SORT_BY_ALIGNMENT(._flash_driver_api.static.*)))
                0x0000000080009c0c                _flash_driver_api_list_end = .

fpga_driver_api_area
                0x0000000080009c0c        0x0
                0x0000000080009c0c                _fpga_driver_api_list_start = .
 *(SORT_BY_NAME(SORT_BY_ALIGNMENT(._fpga_driver_api.static.*)))
                0x0000000080009c0c                _fpga_driver_api_list_end = .

fuel_gauge_driver_api_area
                0x0000000080009c0c        0x0
                0x0000000080009c0c                _fuel_gauge_driver_api_list_start = .
 *(SORT_BY_NAME(SORT_BY_ALIGNMENT(._fuel_gauge_driver_api.static.*)))
                0x0000000080009c0c                _fuel_gauge_driver_api_list_end = .

gnss_driver_api_area
                0x0000000080009c0c        0x0
                0x0000000080009c0c                _gnss_driver_api_list_start = .
 *(SORT_BY_NAME(SORT_BY_ALIGNMENT(._gnss_driver_api.static.*)))
                0x0000000080009c0c                _gnss_driver_api_list_end = .

gpio_driver_api_area
                0x0000000080009c0c        0x0
                0x0000000080009c0c                _gpio_driver_api_list_start = .
 *(SORT_BY_NAME(SORT_BY_ALIGNMENT(._gpio_driver_api.static.*)))
                0x0000000080009c0c                _gpio_driver_api_list_end = .

haptics_driver_api_area
                0x0000000080009c0c        0x0
                0x0000000080009c0c                _haptics_driver_api_list_start = .
 *(SORT_BY_NAME(SORT_BY_ALIGNMENT(._haptics_driver_api.static.*)))
                0x0000000080009c0c                _haptics_driver_api_list_end = .

hwspinlock_driver_api_area
                0x0000000080009c0c        0x0
                0x0000000080009c0c                _hwspinlock_driver_api_list_start = .
 *(SORT_BY_NAME(SORT_BY_ALIGNMENT(._hwspinlock_driver_api.static.*)))
                0x0000000080009c0c                _hwspinlock_driver_api_list_end = .

i2c_driver_api_area
                0x0000000080009c0c        0x0
                0x0000000080009c0c                _i2c_driver_api_list_start = .
 *(SORT_BY_NAME(SORT_BY_ALIGNMENT(._i2c_driver_api.static.*)))
                0x0000000080009c0c                _i2c_driver_api_list_end = .

i2c_target_driver_api_area
                0x0000000080009c0c        0x0
                0x0000000080009c0c                _i2c_target_driver_api_list_start = .
 *(SORT_BY_NAME(SORT_BY_ALIGNMENT(._i2c_target_driver_api.static.*)))
                0x0000000080009c0c                _i2c_target_driver_api_list_end = .

i2s_driver_api_area
                0x0000000080009c0c        0x0
                0x0000000080009c0c                _i2s_driver_api_list_start = .
 *(SORT_BY_NAME(SORT_BY_ALIGNMENT(._i2s_driver_api.static.*)))
                0x0000000080009c0c                _i2s_driver_api_list_end = .

i3c_driver_api_area
                0x0000000080009c0c        0x0
                0x0000000080009c0c                _i3c_driver_api_list_start = .
 *(SORT_BY_NAME(SORT_BY_ALIGNMENT(._i3c_driver_api.static.*)))
                0x0000000080009c0c                _i3c_driver_api_list_end = .

ipm_driver_api_area
                0x0000000080009c0c        0x0
                0x0000000080009c0c                _ipm_driver_api_list_start = .
 *(SORT_BY_NAME(SORT_BY_ALIGNMENT(._ipm_driver_api.static.*)))
                0x0000000080009c0c                _ipm_driver_api_list_end = .

led_driver_api_area
                0x0000000080009c0c        0x0
                0x0000000080009c0c                _led_driver_api_list_start = .
 *(SORT_BY_NAME(SORT_BY_ALIGNMENT(._led_driver_api.static.*)))
                0x0000000080009c0c                _led_driver_api_list_end = .

led_strip_driver_api_area
                0x0000000080009c0c        0x0
                0x0000000080009c0c                _led_strip_driver_api_list_start = .
 *(SORT_BY_NAME(SORT_BY_ALIGNMENT(._led_strip_driver_api.static.*)))
                0x0000000080009c0c                _led_strip_driver_api_list_end = .

lora_driver_api_area
                0x0000000080009c0c        0x0
                0x0000000080009c0c                _lora_driver_api_list_start = .
 *(SORT_BY_NAME(SORT_BY_ALIGNMENT(._lora_driver_api.static.*)))
                0x0000000080009c0c                _lora_driver_api_list_end = .

mbox_driver_api_area
                0x0000000080009c0c        0x0
                0x0000000080009c0c                _mbox_driver_api_list_start = .
 *(SORT_BY_NAME(SORT_BY_ALIGNMENT(._mbox_driver_api.static.*)))
                0x0000000080009c0c                _mbox_driver_api_list_end = .

mdio_driver_api_area
                0x0000000080009c0c        0x0
                0x0000000080009c0c                _mdio_driver_api_list_start = .
 *(SORT_BY_NAME(SORT_BY_ALIGNMENT(._mdio_driver_api.static.*)))
                0x0000000080009c0c                _mdio_driver_api_list_end = .

mipi_dbi_driver_api_area
                0x0000000080009c0c        0x0
                0x0000000080009c0c                _mipi_dbi_driver_api_list_start = .
 *(SORT_BY_NAME(SORT_BY_ALIGNMENT(._mipi_dbi_driver_api.static.*)))
                0x0000000080009c0c                _mipi_dbi_driver_api_list_end = .

mipi_dsi_driver_api_area
                0x0000000080009c0c        0x0
                0x0000000080009c0c                _mipi_dsi_driver_api_list_start = .
 *(SORT_BY_NAME(SORT_BY_ALIGNMENT(._mipi_dsi_driver_api.static.*)))
                0x0000000080009c0c                _mipi_dsi_driver_api_list_end = .

mspi_driver_api_area
                0x0000000080009c0c        0x0
                0x0000000080009c0c                _mspi_driver_api_list_start = .
 *(SORT_BY_NAME(SORT_BY_ALIGNMENT(._mspi_driver_api.static.*)))
                0x0000000080009c0c                _mspi_driver_api_list_end = .

opamp_driver_api_area
                0x0000000080009c0c        0x0
                0x0000000080009c0c                _opamp_driver_api_list_start = .
 *(SORT_BY_NAME(SORT_BY_ALIGNMENT(._opamp_driver_api.static.*)))
                0x0000000080009c0c                _opamp_driver_api_list_end = .

peci_driver_api_area
                0x0000000080009c0c        0x0
                0x0000000080009c0c                _peci_driver_api_list_start = .
 *(SORT_BY_NAME(SORT_BY_ALIGNMENT(._peci_driver_api.static.*)))
                0x0000000080009c0c                _peci_driver_api_list_end = .

ps2_driver_api_area
                0x0000000080009c0c        0x0
                0x0000000080009c0c                _ps2_driver_api_list_start = .
 *(SORT_BY_NAME(SORT_BY_ALIGNMENT(._ps2_driver_api.static.*)))
                0x0000000080009c0c                _ps2_driver_api_list_end = .

ptp_clock_driver_api_area
                0x0000000080009c0c        0x0
                0x0000000080009c0c                _ptp_clock_driver_api_list_start = .
 *(SORT_BY_NAME(SORT_BY_ALIGNMENT(._ptp_clock_driver_api.static.*)))
                0x0000000080009c0c                _ptp_clock_driver_api_list_end = .

pwm_driver_api_area
                0x0000000080009c0c        0x0
                0x0000000080009c0c                _pwm_driver_api_list_start = .
 *(SORT_BY_NAME(SORT_BY_ALIGNMENT(._pwm_driver_api.static.*)))
                0x0000000080009c0c                _pwm_driver_api_list_end = .

regulator_parent_driver_api_area
                0x0000000080009c0c        0x0
                0x0000000080009c0c                _regulator_parent_driver_api_list_start = .
 *(SORT_BY_NAME(SORT_BY_ALIGNMENT(._regulator_parent_driver_api.static.*)))
                0x0000000080009c0c                _regulator_parent_driver_api_list_end = .

regulator_driver_api_area
                0x0000000080009c0c        0x0
                0x0000000080009c0c                _regulator_driver_api_list_start = .
 *(SORT_BY_NAME(SORT_BY_ALIGNMENT(._regulator_driver_api.static.*)))
                0x0000000080009c0c                _regulator_driver_api_list_end = .

reset_driver_api_area
                0x0000000080009c0c        0x0
                0x0000000080009c0c                _reset_driver_api_list_start = .
 *(SORT_BY_NAME(SORT_BY_ALIGNMENT(._reset_driver_api.static.*)))
                0x0000000080009c0c                _reset_driver_api_list_end = .

retained_mem_driver_api_area
                0x0000000080009c0c        0x0
                0x0000000080009c0c                _retained_mem_driver_api_list_start = .
 *(SORT_BY_NAME(SORT_BY_ALIGNMENT(._retained_mem_driver_api.static.*)))
                0x0000000080009c0c                _retained_mem_driver_api_list_end = .

rtc_driver_api_area
                0x0000000080009c0c        0x0
                0x0000000080009c0c                _rtc_driver_api_list_start = .
 *(SORT_BY_NAME(SORT_BY_ALIGNMENT(._rtc_driver_api.static.*)))
                0x0000000080009c0c                _rtc_driver_api_list_end = .

sdhc_driver_api_area
                0x0000000080009c0c        0x0
                0x0000000080009c0c                _sdhc_driver_api_list_start = .
 *(SORT_BY_NAME(SORT_BY_ALIGNMENT(._sdhc_driver_api.static.*)))
                0x0000000080009c0c                _sdhc_driver_api_list_end = .

sensor_driver_api_area
                0x0000000080009c0c        0x0
                0x0000000080009c0c                _sensor_driver_api_list_start = .
 *(SORT_BY_NAME(SORT_BY_ALIGNMENT(._sensor_driver_api.static.*)))
                0x0000000080009c0c                _sensor_driver_api_list_end = .

smbus_driver_api_area
                0x0000000080009c0c        0x0
                0x0000000080009c0c                _smbus_driver_api_list_start = .
 *(SORT_BY_NAME(SORT_BY_ALIGNMENT(._smbus_driver_api.static.*)))
                0x0000000080009c0c                _smbus_driver_api_list_end = .

spi_driver_api_area
                0x0000000080009c0c        0x0
                0x0000000080009c0c                _spi_driver_api_list_start = .
 *(SORT_BY_NAME(SORT_BY_ALIGNMENT(._spi_driver_api.static.*)))
                0x0000000080009c0c                _spi_driver_api_list_end = .

stepper_driver_api_area
                0x0000000080009c0c        0x0
                0x0000000080009c0c                _stepper_driver_api_list_start = .
 *(SORT_BY_NAME(SORT_BY_ALIGNMENT(._stepper_driver_api.static.*)))
                0x0000000080009c0c                _stepper_driver_api_list_end = .

stepper_drv_driver_api_area
                0x0000000080009c0c        0x0
                0x0000000080009c0c                _stepper_drv_driver_api_list_start = .
 *(SORT_BY_NAME(SORT_BY_ALIGNMENT(._stepper_drv_driver_api.static.*)))
                0x0000000080009c0c                _stepper_drv_driver_api_list_end = .

syscon_driver_api_area
                0x0000000080009c0c        0x0
                0x0000000080009c0c                _syscon_driver_api_list_start = .
 *(SORT_BY_NAME(SORT_BY_ALIGNMENT(._syscon_driver_api.static.*)))
                0x0000000080009c0c                _syscon_driver_api_list_end = .

tee_driver_api_area
                0x0000000080009c0c        0x0
                0x0000000080009c0c                _tee_driver_api_list_start = .
 *(SORT_BY_NAME(SORT_BY_ALIGNMENT(._tee_driver_api.static.*)))
                0x0000000080009c0c                _tee_driver_api_list_end = .

video_driver_api_area
                0x0000000080009c0c        0x0
                0x0000000080009c0c                _video_driver_api_list_start = .
 *(SORT_BY_NAME(SORT_BY_ALIGNMENT(._video_driver_api.static.*)))
                0x0000000080009c0c                _video_driver_api_list_end = .

virtio_driver_api_area
                0x0000000080009c0c        0x0
                0x0000000080009c0c                _virtio_driver_api_list_start = .
 *(SORT_BY_NAME(SORT_BY_ALIGNMENT(._virtio_driver_api.static.*)))
                0x0000000080009c0c                _virtio_driver_api_list_end = .

w1_driver_api_area
                0x0000000080009c0c        0x0
                0x0000000080009c0c                _w1_driver_api_list_start = .
 *(SORT_BY_NAME(SORT_BY_ALIGNMENT(._w1_driver_api.static.*)))
                0x0000000080009c0c                _w1_driver_api_list_end = .

wdt_driver_api_area
                0x0000000080009c0c        0x0
                0x0000000080009c0c                _wdt_driver_api_list_start = .
 *(SORT_BY_NAME(SORT_BY_ALIGNMENT(._wdt_driver_api.static.*)))
                0x0000000080009c0c                _wdt_driver_api_list_end = .

can_transceiver_driver_api_area
                0x0000000080009c0c        0x0
                0x0000000080009c0c                _can_transceiver_driver_api_list_start = .
 *(SORT_BY_NAME(SORT_BY_ALIGNMENT(._can_transceiver_driver_api.static.*)))
                0x0000000080009c0c                _can_transceiver_driver_api_list_end = .

nrf_clock_control_driver_api_area
                0x0000000080009c0c        0x0
                0x0000000080009c0c                _nrf_clock_control_driver_api_list_start = .
 *(SORT_BY_NAME(SORT_BY_ALIGNMENT(._nrf_clock_control_driver_api.static.*)))
                0x0000000080009c0c                _nrf_clock_control_driver_api_list_end = .

i3c_target_driver_api_area
                0x0000000080009c0c        0x0
                0x0000000080009c0c                _i3c_target_driver_api_list_start = .
 *(SORT_BY_NAME(SORT_BY_ALIGNMENT(._i3c_target_driver_api.static.*)))
                0x0000000080009c0c                _i3c_target_driver_api_list_end = .

its_driver_api_area
                0x0000000080009c0c        0x0
                0x0000000080009c0c                _its_driver_api_list_start = .
 *(SORT_BY_NAME(SORT_BY_ALIGNMENT(._its_driver_api.static.*)))
                0x0000000080009c0c                _its_driver_api_list_end = .

vtd_driver_api_area
                0x0000000080009c0c        0x0
                0x0000000080009c0c                _vtd_driver_api_list_start = .
 *(SORT_BY_NAME(SORT_BY_ALIGNMENT(._vtd_driver_api.static.*)))
                0x0000000080009c0c                _vtd_driver_api_list_end = .

renesas_elc_driver_api_area
                0x0000000080009c0c        0x0
                0x0000000080009c0c                _renesas_elc_driver_api_list_start = .
 *(SORT_BY_NAME(SORT_BY_ALIGNMENT(._renesas_elc_driver_api.static.*)))
                0x0000000080009c0c                _renesas_elc_driver_api_list_end = .

tgpio_driver_api_area
                0x0000000080009c0c        0x0
                0x0000000080009c0c                _tgpio_driver_api_list_start = .
 *(SORT_BY_NAME(SORT_BY_ALIGNMENT(._tgpio_driver_api.static.*)))
                0x0000000080009c0c                _tgpio_driver_api_list_end = .

pcie_ctrl_driver_api_area
                0x0000000080009c0c        0x0
                0x0000000080009c0c                _pcie_ctrl_driver_api_list_start = .
 *(SORT_BY_NAME(SORT_BY_ALIGNMENT(._pcie_ctrl_driver_api.static.*)))
                0x0000000080009c0c                _pcie_ctrl_driver_api_list_end = .

pcie_ep_driver_api_area
                0x0000000080009c0c        0x0
                0x0000000080009c0c                _pcie_ep_driver_api_list_start = .
 *(SORT_BY_NAME(SORT_BY_ALIGNMENT(._pcie_ep_driver_api.static.*)))
                0x0000000080009c0c                _pcie_ep_driver_api_list_end = .

psi5_driver_api_area
                0x0000000080009c0c        0x0
                0x0000000080009c0c                _psi5_driver_api_list_start = .
 *(SORT_BY_NAME(SORT_BY_ALIGNMENT(._psi5_driver_api.static.*)))
                0x0000000080009c0c                _psi5_driver_api_list_end = .

sent_driver_api_area
                0x0000000080009c0c        0x0
                0x0000000080009c0c                _sent_driver_api_list_start = .
 *(SORT_BY_NAME(SORT_BY_ALIGNMENT(._sent_driver_api.static.*)))
                0x0000000080009c0c                _sent_driver_api_list_end = .

svc_driver_api_area
                0x0000000080009c0c        0x0
                0x0000000080009c0c                _svc_driver_api_list_start = .
 *(SORT_BY_NAME(SORT_BY_ALIGNMENT(._svc_driver_api.static.*)))
                0x0000000080009c0c                _svc_driver_api_list_end = .

uart_driver_api_area
                0x0000000080009c0c       0x14
                0x0000000080009c0c                _uart_driver_api_list_start = .
 *(SORT_BY_NAME(SORT_BY_ALIGNMENT(._uart_driver_api.static.*)))
 ._uart_driver_api.static.uart_ns16550_driver_api_
                0x0000000080009c0c       0x14 zephyr/drivers/serial/libdrivers__serial.a(uart_ns16550.c.obj)
                0x0000000080009c20                _uart_driver_api_list_end = .

bc12_emul_driver_api_area
                0x0000000080009c20        0x0
                0x0000000080009c20                _bc12_emul_driver_api_list_start = .
 *(SORT_BY_NAME(SORT_BY_ALIGNMENT(._bc12_emul_driver_api.static.*)))
                0x0000000080009c20                _bc12_emul_driver_api_list_end = .

bc12_driver_api_area
                0x0000000080009c20        0x0
                0x0000000080009c20                _bc12_driver_api_list_start = .
 *(SORT_BY_NAME(SORT_BY_ALIGNMENT(._bc12_driver_api.static.*)))
                0x0000000080009c20                _bc12_driver_api_list_end = .

usbc_ppc_driver_api_area
                0x0000000080009c20        0x0
                0x0000000080009c20                _usbc_ppc_driver_api_list_start = .
 *(SORT_BY_NAME(SORT_BY_ALIGNMENT(._usbc_ppc_driver_api.static.*)))
                0x0000000080009c20                _usbc_ppc_driver_api_list_end = .

tcpc_driver_api_area
                0x0000000080009c20        0x0
                0x0000000080009c20                _tcpc_driver_api_list_start = .
 *(SORT_BY_NAME(SORT_BY_ALIGNMENT(._tcpc_driver_api.static.*)))
                0x0000000080009c20                _tcpc_driver_api_list_end = .

usbc_vbus_driver_api_area
                0x0000000080009c20        0x0
                0x0000000080009c20                _usbc_vbus_driver_api_list_start = .
 *(SORT_BY_NAME(SORT_BY_ALIGNMENT(._usbc_vbus_driver_api.static.*)))
                0x0000000080009c20                _usbc_vbus_driver_api_list_end = .

ivshmem_driver_api_area
                0x0000000080009c20        0x0
                0x0000000080009c20                _ivshmem_driver_api_list_start = .
 *(SORT_BY_NAME(SORT_BY_ALIGNMENT(._ivshmem_driver_api.static.*)))
                0x0000000080009c20                _ivshmem_driver_api_list_end = .

ethphy_driver_api_area
                0x0000000080009c20        0x0
                0x0000000080009c20                _ethphy_driver_api_list_start = .
 *(SORT_BY_NAME(SORT_BY_ALIGNMENT(._ethphy_driver_api.static.*)))
                0x0000000080009c20                _ethphy_driver_api_list_end = .

ztest           0x0000000080009c20        0x0
                0x0000000080009c20                _ztest_expected_result_entry_list_start = .
 *(SORT_BY_NAME(SORT_BY_ALIGNMENT(._ztest_expected_result_entry.static.*)))
                0x0000000080009c20                _ztest_expected_result_entry_list_end = .
                0x0000000080009c20                _ztest_suite_node_list_start = .
 *(SORT_BY_NAME(SORT_BY_ALIGNMENT(._ztest_suite_node.static.*)))
                0x0000000080009c20                _ztest_suite_node_list_end = .
                0x0000000080009c20                _ztest_unit_test_list_start = .
 *(SORT_BY_NAME(SORT_BY_ALIGNMENT(._ztest_unit_test.static.*)))
                0x0000000080009c20                _ztest_unit_test_list_end = .
                0x0000000080009c20                _ztest_test_rule_list_start = .
 *(SORT_BY_NAME(SORT_BY_ALIGNMENT(._ztest_test_rule.static.*)))
                0x0000000080009c20                _ztest_test_rule_list_end = .

init_array      0x0000000080009c20        0x0
                0x0000000080009c20                __zephyr_init_array_start = .
 *(SORT_BY_INIT_PRIORITY(.init_array.*) SORT_BY_INIT_PRIORITY(.ctors.*))
 *(SORT_BY_ALIGNMENT(.init_array) SORT_BY_ALIGNMENT(.ctors))
                0x0000000080009c20                __zephyr_init_array_end = .
                0x0000000000000001                ASSERT ((__zephyr_init_array_start == __zephyr_init_array_end), GNU-style constructors required but STATIC_INIT_GNU not enabled)

bt_l2cap_fixed_chan_area
                0x0000000080009c20        0x0
                0x0000000080009c20                _bt_l2cap_fixed_chan_list_start = .
 *(SORT_BY_NAME(SORT_BY_ALIGNMENT(._bt_l2cap_fixed_chan.static.*)))
                0x0000000080009c20                _bt_l2cap_fixed_chan_list_end = .

bt_gatt_service_static_area
                0x0000000080009c20        0x0
                0x0000000080009c20                _bt_gatt_service_static_list_start = .
 *(SORT_BY_NAME(SORT_BY_ALIGNMENT(._bt_gatt_service_static.static.*)))
                0x0000000080009c20                _bt_gatt_service_static_list_end = .

log_strings_area
                0x0000000080009c20        0x0
                0x0000000080009c20                _log_strings_list_start = .
 *(SORT_BY_NAME(SORT_BY_ALIGNMENT(._log_strings.static.*)))
                0x0000000080009c20                _log_strings_list_end = .

log_stmesp_ptr_area
                0x0000000080009c20        0x0
                0x0000000080009c20                _log_stmesp_ptr_list_start = .